Archive member included to satisfy reference by file (symbol)

/Users/luluhtutt/.pico-sdk/toolchain/14_2_Rel1/bin/../lib/gcc/arm-none-eabi/14.2.1/thumb/v6-m/nofp/libgcc.a(_dvmd_tls.o)
                              CMakeFiles/MPU6050_IMU.dir/Users/luluhtutt/.pico-sdk/sdk/2.1.1/src/rp2_common/pico_divider/divider_hardware.S.o (__aeabi_idiv0)
/Users/luluhtutt/.pico-sdk/toolchain/14_2_Rel1/bin/../lib/gcc/arm-none-eabi/14.2.1/../../../../arm-none-eabi/lib/thumb/v6-m/nofp/libg.a(libc_a-calloc.o)
                              CMakeFiles/MPU6050_IMU.dir/Users/luluhtutt/.pico-sdk/sdk/2.1.1/src/rp2_common/pico_malloc/malloc.c.o (calloc)
/Users/luluhtutt/.pico-sdk/toolchain/14_2_Rel1/bin/../lib/gcc/arm-none-eabi/14.2.1/../../../../arm-none-eabi/lib/thumb/v6-m/nofp/libg.a(libc_a-callocr.o)
                              /Users/luluhtutt/.pico-sdk/toolchain/14_2_Rel1/bin/../lib/gcc/arm-none-eabi/14.2.1/../../../../arm-none-eabi/lib/thumb/v6-m/nofp/libg.a(libc_a-calloc.o) (_calloc_r)
/Users/luluhtutt/.pico-sdk/toolchain/14_2_Rel1/bin/../lib/gcc/arm-none-eabi/14.2.1/../../../../arm-none-eabi/lib/thumb/v6-m/nofp/libg.a(libc_a-malloc.o)
                              CMakeFiles/MPU6050_IMU.dir/Users/luluhtutt/.pico-sdk/sdk/2.1.1/src/rp2_common/pico_malloc/malloc.c.o (malloc)
/Users/luluhtutt/.pico-sdk/toolchain/14_2_Rel1/bin/../lib/gcc/arm-none-eabi/14.2.1/../../../../arm-none-eabi/lib/thumb/v6-m/nofp/libg.a(libc_a-mallocr.o)
                              /Users/luluhtutt/.pico-sdk/toolchain/14_2_Rel1/bin/../lib/gcc/arm-none-eabi/14.2.1/../../../../arm-none-eabi/lib/thumb/v6-m/nofp/libg.a(libc_a-callocr.o) (_malloc_r)
/Users/luluhtutt/.pico-sdk/toolchain/14_2_Rel1/bin/../lib/gcc/arm-none-eabi/14.2.1/../../../../arm-none-eabi/lib/thumb/v6-m/nofp/libg.a(libc_a-mlock.o)
                              /Users/luluhtutt/.pico-sdk/toolchain/14_2_Rel1/bin/../lib/gcc/arm-none-eabi/14.2.1/../../../../arm-none-eabi/lib/thumb/v6-m/nofp/libg.a(libc_a-mallocr.o) (__malloc_lock)
/Users/luluhtutt/.pico-sdk/toolchain/14_2_Rel1/bin/../lib/gcc/arm-none-eabi/14.2.1/../../../../arm-none-eabi/lib/thumb/v6-m/nofp/libg.a(libc_a-realloc.o)
                              CMakeFiles/MPU6050_IMU.dir/Users/luluhtutt/.pico-sdk/sdk/2.1.1/src/rp2_common/pico_malloc/malloc.c.o (realloc)
/Users/luluhtutt/.pico-sdk/toolchain/14_2_Rel1/bin/../lib/gcc/arm-none-eabi/14.2.1/../../../../arm-none-eabi/lib/thumb/v6-m/nofp/libg.a(libc_a-reallocr.o)
                              /Users/luluhtutt/.pico-sdk/toolchain/14_2_Rel1/bin/../lib/gcc/arm-none-eabi/14.2.1/../../../../arm-none-eabi/lib/thumb/v6-m/nofp/libg.a(libc_a-realloc.o) (_realloc_r)
/Users/luluhtutt/.pico-sdk/toolchain/14_2_Rel1/bin/../lib/gcc/arm-none-eabi/14.2.1/../../../../arm-none-eabi/lib/thumb/v6-m/nofp/libg.a(libc_a-memcmp.o)
                              CMakeFiles/MPU6050_IMU.dir/Users/luluhtutt/.pico-sdk/sdk/2.1.1/src/rp2_common/pico_atomic/atomic.c.o (memcmp)
/Users/luluhtutt/.pico-sdk/toolchain/14_2_Rel1/bin/../lib/gcc/arm-none-eabi/14.2.1/../../../../arm-none-eabi/lib/thumb/v6-m/nofp/libg.a(libc_a-memmove.o)
                              /Users/luluhtutt/.pico-sdk/toolchain/14_2_Rel1/bin/../lib/gcc/arm-none-eabi/14.2.1/../../../../arm-none-eabi/lib/thumb/v6-m/nofp/libg.a(libc_a-reallocr.o) (memmove)
/Users/luluhtutt/.pico-sdk/toolchain/14_2_Rel1/bin/../lib/gcc/arm-none-eabi/14.2.1/../../../../arm-none-eabi/lib/thumb/v6-m/nofp/libg.a(libc_a-lcltime_r.o)
                              CMakeFiles/MPU6050_IMU.dir/Users/luluhtutt/.pico-sdk/sdk/2.1.1/src/common/pico_util/datetime.c.o (localtime_r)
/Users/luluhtutt/.pico-sdk/toolchain/14_2_Rel1/bin/../lib/gcc/arm-none-eabi/14.2.1/../../../../arm-none-eabi/lib/thumb/v6-m/nofp/libg.a(libc_a-mktime.o)
                              CMakeFiles/MPU6050_IMU.dir/Users/luluhtutt/.pico-sdk/sdk/2.1.1/src/common/pico_util/datetime.c.o (mktime)
/Users/luluhtutt/.pico-sdk/toolchain/14_2_Rel1/bin/../lib/gcc/arm-none-eabi/14.2.1/../../../../arm-none-eabi/lib/thumb/v6-m/nofp/libg.a(libc_a-month_lengths.o)
                              /Users/luluhtutt/.pico-sdk/toolchain/14_2_Rel1/bin/../lib/gcc/arm-none-eabi/14.2.1/../../../../arm-none-eabi/lib/thumb/v6-m/nofp/libg.a(libc_a-lcltime_r.o) (__month_lengths)
/Users/luluhtutt/.pico-sdk/toolchain/14_2_Rel1/bin/../lib/gcc/arm-none-eabi/14.2.1/../../../../arm-none-eabi/lib/thumb/v6-m/nofp/libg.a(libc_a-tzcalc_limits.o)
                              /Users/luluhtutt/.pico-sdk/toolchain/14_2_Rel1/bin/../lib/gcc/arm-none-eabi/14.2.1/../../../../arm-none-eabi/lib/thumb/v6-m/nofp/libg.a(libc_a-lcltime_r.o) (__tzcalc_limits)
/Users/luluhtutt/.pico-sdk/toolchain/14_2_Rel1/bin/../lib/gcc/arm-none-eabi/14.2.1/../../../../arm-none-eabi/lib/thumb/v6-m/nofp/libg.a(libc_a-tzlock.o)
                              /Users/luluhtutt/.pico-sdk/toolchain/14_2_Rel1/bin/../lib/gcc/arm-none-eabi/14.2.1/../../../../arm-none-eabi/lib/thumb/v6-m/nofp/libg.a(libc_a-lcltime_r.o) (__tz_lock)
[...]
Memory Configuration

Name             Origin             Length             Attributes
FLASH            0x10000000         0x00200000         xr
RAM              0x20000000         0x00040000         xrw
SCRATCH_X        0x20040000         0x00001000         xrw
SCRATCH_Y        0x20041000         0x00001000         xrw
*default*        0x00000000         0xffffffff

Linker script and memory map

LOAD /Users/luluhtutt/.pico-sdk/toolchain/14_2_Rel1/bin/../lib/gcc/arm-none-eabi/14.2.1/thumb/v6-m/nofp/crti.o
LOAD /Users/luluhtutt/.pico-sdk/toolchain/14_2_Rel1/bin/../lib/gcc/arm-none-eabi/14.2.1/thumb/v6-m/nofp/crtbegin.o
LOAD /Users/luluhtutt/.pico-sdk/toolchain/14_2_Rel1/bin/../lib/gcc/arm-none-eabi/14.2.1/../../../../arm-none-eabi/lib/thumb/v6-m/nofp/crt0.o

.flash_begin    0x10000000        0x0
                0x10000000                        __flash_binary_start = .

.boot2          0x10000000      0x100
                0x10000000                        __boot2_start__ = .
 *(.boot2)
 .boot2         0x10000000      0x100 pico-sdk/src/rp2040/boot_stage2/CMakeFiles/bs2_default_library.dir/./bs2_default_padded_checksummed.S.o
                0x10000100                        __boot2_end__ = .
                0x00000001                        ASSERT (((__boot2_end__ - __boot2_start__) == 0x100), ERROR: Pico second stage bootloader must be 256 bytes in size)

.text           0x10000100     0x6224
                0x10000100                        __logical_binary_start = .
 *(.vectors)
 .vectors       0x10000100       0xd4 CMakeFiles/MPU6050_IMU.dir/Users/luluhtutt/.pico-sdk/sdk/2.1.1/src/rp2_common/pico_crt0/crt0.S.o
                0x10000100                __VECTOR_TABLE
                0x10000100                __vectors
                0x100001c0                __default_isrs_start
                0x100001c0                isr_invalid
                0x100001c2                isr_nmi
                0x100001c4                isr_hardfault
                0x100001c6                isr_svcall
                0x100001c8                isr_pendsv
                0x100001ca                isr_systick
                0x100001cc                isr_irq28
                0x100001cc                isr_irq19
                0x100001cc                isr_irq0
                0x100001cc                isr_irq6
                0x100001cc                isr_irq22
                0x100001cc                isr_irq17
                0x100001cc                isr_irq14
                0x100001cc                isr_irq2
                0x100001cc                isr_irq10
                0x100001cc                isr_irq8
                0x100001cc                isr_irq24
                0x100001cc                isr_irq1
                0x100001cc                isr_irq7
                0x100001cc                isr_irq21
                0x100001cc                isr_irq20
                0x100001cc                isr_irq15
                0x100001cc                isr_irq25
                0x100001cc                isr_irq4
                0x100001cc                isr_irq16
                0x100001cc                isr_irq29
                0x100001cc                isr_irq26
                0x100001cc                __default_isrs_end
                0x100001cc                isr_irq3
                0x100001cc                isr_irq9
                0x100001cc                __unhandled_user_irq
                0x100001cc                isr_irq13
                0x100001cc                isr_irq27
                0x100001cc                isr_irq31
                0x100001cc                isr_irq5
                0x100001cc                isr_irq11
                0x100001cc                isr_irq23
                0x100001cc                isr_irq18
                0x100001cc                isr_irq30
                0x100001cc                isr_irq12
                0x100001d2                unhandled_user_irq_num_in_r0
 *(.binary_info_header)
 .binary_info_header
                0x100001d4       0x14 CMakeFiles/MPU6050_IMU.dir/Users/luluhtutt/.pico-sdk/sdk/2.1.1/src/rp2_common/pico_crt0/crt0.S.o
                0x100001e8                        __binary_info_header_end = .
 *(.embedded_block)
                0x100001e8                        __embedded_block_end = .
 *(.reset)
 .reset         0x100001e8       0x9c CMakeFiles/MPU6050_IMU.dir/Users/luluhtutt/.pico-sdk/sdk/2.1.1/src/rp2_common/pico_crt0/crt0.S.o
                0x100001e8                _entry_point
 *(.init)
 .init          0x10000284        0x4 /Users/luluhtutt/.pico-sdk/toolchain/14_2_Rel1/bin/../lib/gcc/arm-none-eabi/14.2.1/thumb/v6-m/nofp/crti.o
                0x10000284                _init
 *(EXCLUDE_FILE(*libm.a: *libc.a:*lib_a-mem*.o *libgcc.a:) .text*)
 .text.register_tm_clones
                0x10000288       0x28 /Users/luluhtutt/.pico-sdk/toolchain/14_2_Rel1/bin/../lib/gcc/arm-none-eabi/14.2.1/thumb/v6-m/nofp/crtbegin.o
 .text.frame_dummy
                0x100002b0       0x24 /Users/luluhtutt/.pico-sdk/toolchain/14_2_Rel1/bin/../lib/gcc/arm-none-eabi/14.2.1/thumb/v6-m/nofp/crtbegin.o
 .text.protothread_sched.constprop.0.isra.0
                0x100002d4      0x14c CMakeFiles/MPU6050_IMU.dir/imu_demo.c.o
 .text.protothread_sched1.constprop.0.isra.0
                0x10000420      0x14c CMakeFiles/MPU6050_IMU.dir/imu_demo.c.o
 .text.alarm_irq
                0x1000056c      0x3ec CMakeFiles/MPU6050_IMU.dir/imu_demo.c.o
                0x1000056c                alarm_irq
 .text.protothread_vga
                0x10000958      0x150 CMakeFiles/MPU6050_IMU.dir/imu_demo.c.o
 .text.startup.main
                0x10000aa8      0x18c CMakeFiles/MPU6050_IMU.dir/imu_demo.c.o
                0x10000aa8                main
 .text.initVGA  0x10000c34      0x23c CMakeFiles/MPU6050_IMU.dir/vga16_graphics.c.o
                0x10000c34                initVGA
 .text.drawChar
                0x10000e70      0x5e0 CMakeFiles/MPU6050_IMU.dir/vga16_graphics.c.o
                0x10000e70                drawChar
 .text.setCursor
                0x10001450       0x14 CMakeFiles/MPU6050_IMU.dir/vga16_graphics.c.o
                0x10001450                setCursor
 .text.setTextSize
                0x10001464       0x14 CMakeFiles/MPU6050_IMU.dir/vga16_graphics.c.o
                0x10001464                setTextSize
 .text.setTextColor
                0x10001478       0x14 CMakeFiles/MPU6050_IMU.dir/vga16_graphics.c.o
                0x10001478                setTextColor
 .text.writeString
                0x1000148c       0xd0 CMakeFiles/MPU6050_IMU.dir/vga16_graphics.c.o
                0x1000148c                writeString
 .text.mpu6050_reset
                0x1000155c       0x94 CMakeFiles/MPU6050_IMU.dir/mpu6050.c.o
                0x1000155c                mpu6050_reset
 .text.mpu6050_read_raw
                0x100015f0      0x154 CMakeFiles/MPU6050_IMU.dir/mpu6050.c.o
                0x100015f0                mpu6050_read_raw
 .text.gpio_set_function
                0x10001744       0x34 CMakeFiles/MPU6050_IMU.dir/Users/luluhtutt/.pico-sdk/sdk/2.1.1/src/rp2_common/hardware_gpio/gpio.c.o
                0x10001744                gpio_set_function
 .text.gpio_set_pulls
                0x10001778       0x28 CMakeFiles/MPU6050_IMU.dir/Users/luluhtutt/.pico-sdk/sdk/2.1.1/src/rp2_common/hardware_gpio/gpio.c.o
                0x10001778                gpio_set_pulls
 .text.gpio_init
                0x100017a0       0x40 CMakeFiles/MPU6050_IMU.dir/Users/luluhtutt/.pico-sdk/sdk/2.1.1/src/rp2_common/hardware_gpio/gpio.c.o
                0x100017a0                gpio_init
 .text.panic    0x100017e0       0x30 CMakeFiles/MPU6050_IMU.dir/Users/luluhtutt/.pico-sdk/sdk/2.1.1/src/rp2_common/pico_platform_panic/panic.c.o
                0x100017e0                panic
 .text.hw_claim_lock
                0x10001810       0x18 CMakeFiles/MPU6050_IMU.dir/Users/luluhtutt/.pico-sdk/sdk/2.1.1/src/common/hardware_claim/claim.c.o
                0x10001810                hw_claim_lock
 .text.hw_claim_unlock
                0x10001828       0x14 CMakeFiles/MPU6050_IMU.dir/Users/luluhtutt/.pico-sdk/sdk/2.1.1/src/common/hardware_claim/claim.c.o
                0x10001828                hw_claim_unlock
 .text.hw_claim_or_assert
                0x1000183c       0x44 CMakeFiles/MPU6050_IMU.dir/Users/luluhtutt/.pico-sdk/sdk/2.1.1/src/common/hardware_claim/claim.c.o
                0x1000183c                hw_claim_or_assert
 .text.hw_claim_unused_from_range
                0x10001880       0x88 CMakeFiles/MPU6050_IMU.dir/Users/luluhtutt/.pico-sdk/sdk/2.1.1/src/common/hardware_claim/claim.c.o
                0x10001880                hw_claim_unused_from_range
 .text.next_striped_spin_lock_num
                0x10001908       0x18 CMakeFiles/MPU6050_IMU.dir/Users/luluhtutt/.pico-sdk/sdk/2.1.1/src/rp2_common/hardware_sync/sync.c.o
                0x10001908                next_striped_spin_lock_num
 .text.spin_locks_reset
                0x10001920       0x1c CMakeFiles/MPU6050_IMU.dir/Users/luluhtutt/.pico-sdk/sdk/2.1.1/src/rp2_common/hardware_sync_spin_lock/sync_spin_lock.c.o
                0x10001920                spin_locks_reset
 .text.runtime_init_per_core_irq_priorities
                0x1000193c       0x24 CMakeFiles/MPU6050_IMU.dir/Users/luluhtutt/.pico-sdk/sdk/2.1.1/src/rp2_common/hardware_irq/irq.c.o
                0x1000193c                runtime_init_per_core_irq_priorities
 .text.irq_set_enabled
                0x10001960       0x24 CMakeFiles/MPU6050_IMU.dir/Users/luluhtutt/.pico-sdk/sdk/2.1.1/src/rp2_common/hardware_irq/irq.c.o
                0x10001960                irq_set_enabled
 .text.irq_set_exclusive_handler
                0x10001984       0x54 CMakeFiles/MPU6050_IMU.dir/Users/luluhtutt/.pico-sdk/sdk/2.1.1/src/rp2_common/hardware_irq/irq.c.o
                0x10001984                irq_set_exclusive_handler
 .text.irq_remove_handler
                0x100019d8      0x1d4 CMakeFiles/MPU6050_IMU.dir/Users/luluhtutt/.pico-sdk/sdk/2.1.1/src/rp2_common/hardware_irq/irq.c.o
                0x100019d8                irq_remove_handler
 .text.irq_add_tail_to_free_list
                0x10001bac       0xb4 CMakeFiles/MPU6050_IMU.dir/Users/luluhtutt/.pico-sdk/sdk/2.1.1/src/rp2_common/hardware_irq/irq.c.o
                0x10001bac                irq_add_tail_to_free_list
 .text.lock_init
                0x10001c60       0x10 CMakeFiles/MPU6050_IMU.dir/Users/luluhtutt/.pico-sdk/sdk/2.1.1/src/common/pico_sync/lock_core.c.o
                0x10001c60                lock_init
 .text.runtime_init_mutex
                0x10001c70       0x50 CMakeFiles/MPU6050_IMU.dir/Users/luluhtutt/.pico-sdk/sdk/2.1.1/src/common/pico_sync/mutex.c.o
                0x10001c70                runtime_init_mutex
 .text.sleep_until_callback
                0x10001cc0       0x30 CMakeFiles/MPU6050_IMU.dir/Users/luluhtutt/.pico-sdk/sdk/2.1.1/src/common/pico_time/time.c.o
 .text.alarm_pool_irq_handler
                0x10001cf0      0x300 CMakeFiles/MPU6050_IMU.dir/Users/luluhtutt/.pico-sdk/sdk/2.1.1/src/common/pico_time/time.c.o
 .text.runtime_init_default_alarm_pool
                0x10001ff0       0xdc CMakeFiles/MPU6050_IMU.dir/Users/luluhtutt/.pico-sdk/sdk/2.1.1/src/common/pico_time/time.c.o
                0x10001ff0                runtime_init_default_alarm_pool
 .text.alarm_pool_add_alarm_at_force_in_context
                0x100020cc       0xb0 CMakeFiles/MPU6050_IMU.dir/Users/luluhtutt/.pico-sdk/sdk/2.1.1/src/common/pico_time/time.c.o
                0x100020cc                alarm_pool_add_alarm_at_force_in_context
 .text.alarm_pool_cancel_alarm
                0x1000217c       0x74 CMakeFiles/MPU6050_IMU.dir/Users/luluhtutt/.pico-sdk/sdk/2.1.1/src/common/pico_time/time.c.o
                0x1000217c                alarm_pool_cancel_alarm
 .text.best_effort_wfe_or_timeout
                0x100021f0      0x10c CMakeFiles/MPU6050_IMU.dir/Users/luluhtutt/.pico-sdk/sdk/2.1.1/src/common/pico_time/time.c.o
                0x100021f0                best_effort_wfe_or_timeout
 .text.timer_hardware_alarm_claim
                0x100022fc       0x14 CMakeFiles/MPU6050_IMU.dir/Users/luluhtutt/.pico-sdk/sdk/2.1.1/src/rp2_common/hardware_timer/timer.c.o
                0x100022fc                timer_hardware_alarm_claim
 .text.timer_time_us_64
                0x10002310       0x10 CMakeFiles/MPU6050_IMU.dir/Users/luluhtutt/.pico-sdk/sdk/2.1.1/src/rp2_common/hardware_timer/timer.c.o
                0x10002310                timer_time_us_64
 .text.time_us_64
                0x10002320       0x14 CMakeFiles/MPU6050_IMU.dir/Users/luluhtutt/.pico-sdk/sdk/2.1.1/src/rp2_common/hardware_timer/timer.c.o
                0x10002320                time_us_64
 .text.busy_wait_us
                0x10002334       0x68 CMakeFiles/MPU6050_IMU.dir/Users/luluhtutt/.pico-sdk/sdk/2.1.1/src/rp2_common/hardware_timer/timer.c.o
                0x10002334                busy_wait_us
 .text.uart_init
                0x1000239c      0x120 CMakeFiles/MPU6050_IMU.dir/Users/luluhtutt/.pico-sdk/sdk/2.1.1/src/rp2_common/hardware_uart/uart.c.o
                0x1000239c                uart_init
 .text.clock_configure_int_divider
                0x100024bc       0xf4 CMakeFiles/MPU6050_IMU.dir/Users/luluhtutt/.pico-sdk/sdk/2.1.1/src/rp2_common/hardware_clocks/clocks.c.o
                0x100024bc                clock_configure_int_divider
 .text.clock_configure_undivided
                0x100025b0       0xe8 CMakeFiles/MPU6050_IMU.dir/Users/luluhtutt/.pico-sdk/sdk/2.1.1/src/rp2_common/hardware_clocks/clocks.c.o
                0x100025b0                clock_configure_undivided
 .text.clock_get_hz
                0x10002698        0xc CMakeFiles/MPU6050_IMU.dir/Users/luluhtutt/.pico-sdk/sdk/2.1.1/src/rp2_common/hardware_clocks/clocks.c.o
                0x10002698                clock_get_hz
 .text.pll_init
                0x100026a4       0xa4 CMakeFiles/MPU6050_IMU.dir/Users/luluhtutt/.pico-sdk/sdk/2.1.1/src/rp2_common/hardware_pll/pll.c.o
                0x100026a4                pll_init
 .text.tick_start
                0x10002748       0x10 CMakeFiles/MPU6050_IMU.dir/Users/luluhtutt/.pico-sdk/sdk/2.1.1/src/rp2_common/hardware_ticks/ticks.c.o
                0x10002748                tick_start
 .text.rom_func_lookup
                0x10002758       0x10 CMakeFiles/MPU6050_IMU.dir/Users/luluhtutt/.pico-sdk/sdk/2.1.1/src/rp2_common/pico_bootrom/bootrom.c.o
                0x10002758                rom_func_lookup
 .text.rom_data_lookup
                0x10002768       0x10 CMakeFiles/MPU6050_IMU.dir/Users/luluhtutt/.pico-sdk/sdk/2.1.1/src/rp2_common/pico_bootrom/bootrom.c.o
                0x10002768                rom_data_lookup
 .text.rom_funcs_lookup
                0x10002778       0x44 CMakeFiles/MPU6050_IMU.dir/Users/luluhtutt/.pico-sdk/sdk/2.1.1/src/rp2_common/pico_bootrom/bootrom.c.o
                0x10002778                rom_funcs_lookup
 .text.rom_reset_usb_boot_extra
                0x100027bc       0x24 CMakeFiles/MPU6050_IMU.dir/Users/luluhtutt/.pico-sdk/sdk/2.1.1/src/rp2_common/pico_bootrom/bootrom.c.o
                0x100027bc                rom_reset_usb_boot_extra
 .text.xosc_init
                0x100027e0       0x28 CMakeFiles/MPU6050_IMU.dir/Users/luluhtutt/.pico-sdk/sdk/2.1.1/src/rp2_common/hardware_xosc/xosc.c.o
                0x100027e0                xosc_init
 .text.first_per_core_initializer
                0x10002808        0x4 CMakeFiles/MPU6050_IMU.dir/Users/luluhtutt/.pico-sdk/sdk/2.1.1/src/rp2_common/pico_runtime/runtime.c.o
 .text.hard_assertion_failure
                0x1000280c        0xc CMakeFiles/MPU6050_IMU.dir/Users/luluhtutt/.pico-sdk/sdk/2.1.1/src/rp2_common/pico_runtime/runtime.c.o
                0x1000280c                hard_assertion_failure
 .text.runtime_run_initializers
                0x10002818       0x28 CMakeFiles/MPU6050_IMU.dir/Users/luluhtutt/.pico-sdk/sdk/2.1.1/src/rp2_common/pico_runtime/runtime.c.o
                0x10002818                runtime_run_initializers
 .text.runtime_init_early_resets
                0x10002840       0x2c CMakeFiles/MPU6050_IMU.dir/Users/luluhtutt/.pico-sdk/sdk/2.1.1/src/rp2_common/pico_runtime_init/runtime_init.c.o
                0x10002840                runtime_init_early_resets
 .text.runtime_init_usb_power_down
                0x1000286c       0x1c CMakeFiles/MPU6050_IMU.dir/Users/luluhtutt/.pico-sdk/sdk/2.1.1/src/rp2_common/pico_runtime_init/runtime_init.c.o
                0x1000286c                runtime_init_usb_power_down
 .text.runtime_init_post_clock_resets
                0x10002888       0x20 CMakeFiles/MPU6050_IMU.dir/Users/luluhtutt/.pico-sdk/sdk/2.1.1/src/rp2_common/pico_runtime_init/runtime_init.c.o
                0x10002888                runtime_init_post_clock_resets
 .text.runtime_init_rp2040_gpio_ie_disable
                0x100028a8       0x14 CMakeFiles/MPU6050_IMU.dir/Users/luluhtutt/.pico-sdk/sdk/2.1.1/src/rp2_common/pico_runtime_init/runtime_init.c.o
                0x100028a8                runtime_init_rp2040_gpio_ie_disable
 .text.runtime_init_spin_locks_reset
                0x100028bc        0x8 CMakeFiles/MPU6050_IMU.dir/Users/luluhtutt/.pico-sdk/sdk/2.1.1/src/rp2_common/pico_runtime_init/runtime_init.c.o
                0x100028bc                runtime_init_spin_locks_reset
 .text.runtime_init_install_ram_vector_table
                0x100028c4       0x1c CMakeFiles/MPU6050_IMU.dir/Users/luluhtutt/.pico-sdk/sdk/2.1.1/src/rp2_common/pico_runtime_init/runtime_init.c.o
                0x100028c4                runtime_init_install_ram_vector_table
 .text.runtime_init_clocks
                0x100028e0       0xd8 CMakeFiles/MPU6050_IMU.dir/Users/luluhtutt/.pico-sdk/sdk/2.1.1/src/rp2_common/pico_runtime_init/runtime_init_clocks.c.o
                0x100028e0                runtime_init_clocks
 .text          0x100029b8       0x10 CMakeFiles/MPU6050_IMU.dir/Users/luluhtutt/.pico-sdk/sdk/2.1.1/src/rp2_common/pico_bit_ops/bit_ops_aeabi.S.o
 .text.__wrap___aeabi_idiv
                0x100029c8       0x50 CMakeFiles/MPU6050_IMU.dir/Users/luluhtutt/.pico-sdk/sdk/2.1.1/src/rp2_common/pico_divider/divider_hardware.S.o
                0x100029c8                __wrap___aeabi_idivmod
                0x100029c8                divmod_s32s32
                0x100029c8                div_s32s32
                0x100029c8                __wrap___aeabi_idiv
                0x100029d0                divmod_s32s32_unsafe
                0x100029fc                divmod_s32s32_savestate
 .text.__wrap___aeabi_uidiv
                0x10002a18       0x4c CMakeFiles/MPU6050_IMU.dir/Users/luluhtutt/.pico-sdk/sdk/2.1.1/src/rp2_common/pico_divider/divider_hardware.S.o
                0x10002a18                __wrap___aeabi_uidiv
                0x10002a18                __wrap___aeabi_uidivmod
                0x10002a18                div_u32u32
                0x10002a18                divmod_u32u32
                0x10002a20                divmod_u32u32_unsafe
                0x10002a48                divmod_u32u32_savestate
 .text.__wrap___aeabi_ldiv
                0x10002a64      0x424 CMakeFiles/MPU6050_IMU.dir/Users/luluhtutt/.pico-sdk/sdk/2.1.1/src/rp2_common/pico_divider/divider_hardware.S.o
                0x10002a64                __wrap___aeabi_ldivmod
                0x10002a64                div_s64s64
                0x10002a64                divmod_s64s64
                0x10002a94                divmod_u64u64
                0x10002a94                div_u64u64
                0x10002a94                __wrap___aeabi_uldivmod
                0x10002aa4                divmod_u64u64_savestate
                0x10002ac4                divmod_s64s64_unsafe
                0x10002b4c                divmod_u64u64_unsafe
 .text.push_r8_r11
                0x10002e88        0xc CMakeFiles/MPU6050_IMU.dir/Users/luluhtutt/.pico-sdk/sdk/2.1.1/src/rp2_common/pico_double/double_aeabi_rp2040.S.o
                0x10002e88                push_r8_r11
 .text.pop_r8_r11
                0x10002e94        0xc CMakeFiles/MPU6050_IMU.dir/Users/luluhtutt/.pico-sdk/sdk/2.1.1/src/rp2_common/pico_double/double_aeabi_rp2040.S.o
                0x10002e94                pop_r8_r11
 .text.__wrap___aeabi_darithmetic
                0x10002ea0       0x80 CMakeFiles/MPU6050_IMU.dir/Users/luluhtutt/.pico-sdk/sdk/2.1.1/src/rp2_common/pico_double/double_aeabi_rp2040.S.o
                0x10002ea0                __wrap___aeabi_drsub
                0x10002ea6                __wrap___aeabi_dsub
                0x10002eb8                __wrap___aeabi_dadd
                0x10002eca                __wrap___aeabi_ddiv
                0x10002f06                __wrap___aeabi_dmul
 .text.__wrap___aeabi_cdcmple
                0x10002f20       0x6c CMakeFiles/MPU6050_IMU.dir/Users/luluhtutt/.pico-sdk/sdk/2.1.1/src/rp2_common/pico_double/double_aeabi_rp2040.S.o
                0x10002f20                __wrap___aeabi_cdrcmple
                0x10002f30                __wrap___aeabi_cdcmple
                0x10002f30                __wrap___aeabi_cdcmpeq
 .text.__wrap___aeabi_dcmplt
                0x10002f8c        0xc CMakeFiles/MPU6050_IMU.dir/Users/luluhtutt/.pico-sdk/sdk/2.1.1/src/rp2_common/pico_double/double_aeabi_rp2040.S.o
                0x10002f8c                __wrap___aeabi_dcmplt
 .text.__wrap___aeabi_dcmple
                0x10002f98       0x10 CMakeFiles/MPU6050_IMU.dir/Users/luluhtutt/.pico-sdk/sdk/2.1.1/src/rp2_common/pico_double/double_aeabi_rp2040.S.o
                0x10002f98                __wrap___aeabi_dcmple
 .text.__wrap___aeabi_dcmpge
                0x10002fa8       0x10 CMakeFiles/MPU6050_IMU.dir/Users/luluhtutt/.pico-sdk/sdk/2.1.1/src/rp2_common/pico_double/double_aeabi_rp2040.S.o
                0x10002fa8                __wrap___aeabi_dcmpge
 .text.__wrap___aeabi_dcmpgt
                0x10002fb8        0xa CMakeFiles/MPU6050_IMU.dir/Users/luluhtutt/.pico-sdk/sdk/2.1.1/src/rp2_common/pico_double/double_aeabi_rp2040.S.o
                0x10002fb8                __wrap___aeabi_dcmpgt
 .text.__wrap___aeabi_dcmpun
                0x10002fc2       0x18 CMakeFiles/MPU6050_IMU.dir/Users/luluhtutt/.pico-sdk/sdk/2.1.1/src/rp2_common/pico_double/double_aeabi_rp2040.S.o
                0x10002fc2                __wrap___aeabi_dcmpun
 *fill*         0x10002fda        0x2 
 .text.__wrap___aeabi_i2d
                0x10002fdc       0x38 CMakeFiles/MPU6050_IMU.dir/Users/luluhtutt/.pico-sdk/sdk/2.1.1/src/rp2_common/pico_double/double_aeabi_rp2040.S.o
                0x10002fdc                __wrap___aeabi_ui2d
                0x10002fdc                uint2double
                0x10002fe4                __wrap___aeabi_i2d
                0x10002fe4                int2double
 .text.__wrap___aeabi_d2iz
                0x10003014       0x48 CMakeFiles/MPU6050_IMU.dir/Users/luluhtutt/.pico-sdk/sdk/2.1.1/src/rp2_common/pico_double/double_aeabi_rp2040.S.o
                0x10003014                __wrap___aeabi_d2iz
                0x10003014                double2int_z
 .text.__wrap___aeabi_d2uiz
                0x1000305c       0x18 CMakeFiles/MPU6050_IMU.dir/Users/luluhtutt/.pico-sdk/sdk/2.1.1/src/rp2_common/pico_double/double_aeabi_rp2040.S.o
                0x1000305c                double2uint_z
                0x1000305c                double2uint
                0x1000305c                __wrap___aeabi_d2uiz
 .text.__wrap_atan2
                0x10003074       0x18 CMakeFiles/MPU6050_IMU.dir/Users/luluhtutt/.pico-sdk/sdk/2.1.1/src/rp2_common/pico_double/double_aeabi_rp2040.S.o
                0x10003074                __wrap_atan2
 .text.__aeabi_double_init
                0x1000308c       0xa4 CMakeFiles/MPU6050_IMU.dir/Users/luluhtutt/.pico-sdk/sdk/2.1.1/src/rp2_common/pico_double/double_init_rom_rp2040.c.o
                0x1000308c                __aeabi_double_init
 .text.double_table_shim_on_use_helper
                0x10003130       0x2c CMakeFiles/MPU6050_IMU.dir/Users/luluhtutt/.pico-sdk/sdk/2.1.1/src/rp2_common/pico_double/double_v1_rom_shim_rp2040.S.o
                0x10003130                double_table_shim_on_use_helper
 .text.__wrap___aeabi_dsub
                0x1000315c       0x10 CMakeFiles/MPU6050_IMU.dir/Users/luluhtutt/.pico-sdk/sdk/2.1.1/src/rp2_common/pico_double/double_v1_rom_shim_rp2040.S.o
                0x1000315c                drsub_shim
                0x10003162                dsub_shim
 .text.dadd_shim
                0x1000316c      0x15c CMakeFiles/MPU6050_IMU.dir/Users/luluhtutt/.pico-sdk/sdk/2.1.1/src/rp2_common/pico_double/double_v1_rom_shim_rp2040.S.o
                0x1000316c                dadd_shim
 .text.dmul_shim
                0x100032c8      0x15c CMakeFiles/MPU6050_IMU.dir/Users/luluhtutt/.pico-sdk/sdk/2.1.1/src/rp2_common/pico_double/double_v1_rom_shim_rp2040.S.o
                0x100032c8                dmul_shim
 .text.ddiv_shim
                0x10003424      0x1b0 CMakeFiles/MPU6050_IMU.dir/Users/luluhtutt/.pico-sdk/sdk/2.1.1/src/rp2_common/pico_double/double_v1_rom_shim_rp2040.S.o
                0x10003424                ddiv_shim
 .text.dcordic_vec_step
                0x100035d4        0xe CMakeFiles/MPU6050_IMU.dir/Users/luluhtutt/.pico-sdk/sdk/2.1.1/src/rp2_common/pico_double/double_v1_rom_shim_rp2040.S.o
                0x100035d4                dcordic_vec_step
 .text.dcordic_rot_step
                0x100035e2       0x76 CMakeFiles/MPU6050_IMU.dir/Users/luluhtutt/.pico-sdk/sdk/2.1.1/src/rp2_common/pico_double/double_v1_rom_shim_rp2040.S.o
                0x100035e2                dcordic_rot_step
 .text.double2uint_shim
                0x10003658        0xe CMakeFiles/MPU6050_IMU.dir/Users/luluhtutt/.pico-sdk/sdk/2.1.1/src/rp2_common/pico_double/double_v1_rom_shim_rp2040.S.o
                0x10003658                double2uint_shim
                0x1000365a                double2ufix_shim
 .text.double2int64_shim
                0x10003666       0x1a CMakeFiles/MPU6050_IMU.dir/Users/luluhtutt/.pico-sdk/sdk/2.1.1/src/rp2_common/pico_double/double_v1_rom_shim_rp2040.S.o
                0x10003666                double2int64_shim
                0x10003668                double2fix64_shim
 .text.double2uint64_shim
                0x10003680       0x70 CMakeFiles/MPU6050_IMU.dir/Users/luluhtutt/.pico-sdk/sdk/2.1.1/src/rp2_common/pico_double/double_v1_rom_shim_rp2040.S.o
                0x10003680                double2uint64_shim
                0x10003682                double2ufix64_shim
                0x100036a2                d2fix_a
 .text.x2double_shims
                0x100036f0       0x90 CMakeFiles/MPU6050_IMU.dir/Users/luluhtutt/.pico-sdk/sdk/2.1.1/src/rp2_common/pico_double/double_v1_rom_shim_rp2040.S.o
                0x100036f0                uint2double_shim
                0x100036f2                ufix2double_shim
                0x100036f8                int2double_shim
                0x100036fa                fix2double_shim
                0x10003700                uint642double_shim
                0x10003702                ufix642double_shim
                0x10003708                int642double_shim
                0x1000370a                fix642double_shim
 .text.dunpacks
                0x10003780       0x3c CMakeFiles/MPU6050_IMU.dir/Users/luluhtutt/.pico-sdk/sdk/2.1.1/src/rp2_common/pico_double/double_v1_rom_shim_rp2040.S.o
                0x10003780                dunpacks
 .text.dreduce  0x100037bc       0x82 CMakeFiles/MPU6050_IMU.dir/Users/luluhtutt/.pico-sdk/sdk/2.1.1/src/rp2_common/pico_double/double_v1_rom_shim_rp2040.S.o
                0x100037bc                dreduce
 *fill*         0x1000383e        0x2 
 .text.dtrig_guts
                0x10003840      0x2ec CMakeFiles/MPU6050_IMU.dir/Users/luluhtutt/.pico-sdk/sdk/2.1.1/src/rp2_common/pico_double/double_v1_rom_shim_rp2040.S.o
                0x10003918                datan2_shim
 .text.__aeabi_lmul
                0x10003b2c       0x32 CMakeFiles/MPU6050_IMU.dir/Users/luluhtutt/.pico-sdk/sdk/2.1.1/src/rp2_common/pico_int64_ops/pico_int64_ops_aeabi.S.o
                0x10003b2c                __wrap___aeabi_lmul
 *fill*         0x10003b5e        0x2 
 .text.__aeabi_float_init
                0x10003b60       0x64 CMakeFiles/MPU6050_IMU.dir/Users/luluhtutt/.pico-sdk/sdk/2.1.1/src/rp2_common/pico_float/float_init_rom_rp2040.c.o
                0x10003b60                __aeabi_float_init
 .text.float_table_shim_on_use_helper
                0x10003bc4       0x2c CMakeFiles/MPU6050_IMU.dir/Users/luluhtutt/.pico-sdk/sdk/2.1.1/src/rp2_common/pico_float/float_v1_rom_shim_rp2040.S.o
                0x10003bc4                float_table_shim_on_use_helper
 .text          0x10003bf0       0x10 CMakeFiles/MPU6050_IMU.dir/Users/luluhtutt/.pico-sdk/sdk/2.1.1/src/rp2_common/pico_mem_ops/mem_ops_aeabi.S.o
                0x10003bf0                __aeabi_mem_init
 .text.memcpy   0x10003c00        0xc CMakeFiles/MPU6050_IMU.dir/Users/luluhtutt/.pico-sdk/sdk/2.1.1/src/rp2_common/pico_mem_ops/mem_ops_aeabi.S.o
                0x10003c00                __wrap___aeabi_memcpy
                0x10003c00                __wrap_memcpy
 .text._out_buffer
                0x10003c0c        0x8 CMakeFiles/MPU6050_IMU.dir/Users/luluhtutt/.pico-sdk/sdk/2.1.1/src/rp2_common/pico_printf/printf.c.o
 .text._out_null
                0x10003c14        0x4 CMakeFiles/MPU6050_IMU.dir/Users/luluhtutt/.pico-sdk/sdk/2.1.1/src/rp2_common/pico_printf/printf.c.o
 .text._out_rev
                0x10003c18       0xac CMakeFiles/MPU6050_IMU.dir/Users/luluhtutt/.pico-sdk/sdk/2.1.1/src/rp2_common/pico_printf/printf.c.o
 .text._ntoa_format
                0x10003cc4      0x1cc CMakeFiles/MPU6050_IMU.dir/Users/luluhtutt/.pico-sdk/sdk/2.1.1/src/rp2_common/pico_printf/printf.c.o
 .text._out_char
                0x10003e90       0x10 CMakeFiles/MPU6050_IMU.dir/Users/luluhtutt/.pico-sdk/sdk/2.1.1/src/rp2_common/pico_printf/printf.c.o
 .text._out_fct
                0x10003ea0       0x10 CMakeFiles/MPU6050_IMU.dir/Users/luluhtutt/.pico-sdk/sdk/2.1.1/src/rp2_common/pico_printf/printf.c.o
 .text._ftoa    0x10003eb0      0x4a8 CMakeFiles/MPU6050_IMU.dir/Users/luluhtutt/.pico-sdk/sdk/2.1.1/src/rp2_common/pico_printf/printf.c.o
 .text._etoa    0x10004358      0x57c CMakeFiles/MPU6050_IMU.dir/Users/luluhtutt/.pico-sdk/sdk/2.1.1/src/rp2_common/pico_printf/printf.c.o
 .text._vsnprintf
                0x100048d4      0xbe0 CMakeFiles/MPU6050_IMU.dir/Users/luluhtutt/.pico-sdk/sdk/2.1.1/src/rp2_common/pico_printf/printf.c.o
 .text.__wrap_snprintf
                0x100054b4       0x28 CMakeFiles/MPU6050_IMU.dir/Users/luluhtutt/.pico-sdk/sdk/2.1.1/src/rp2_common/pico_printf/printf.c.o
                0x100054b4                __wrap_snprintf
 .text.vfctprintf
                0x100054dc       0x24 CMakeFiles/MPU6050_IMU.dir/Users/luluhtutt/.pico-sdk/sdk/2.1.1/src/rp2_common/pico_printf/printf.c.o
                0x100054dc                vfctprintf
 .text.weak_raw_vprintf
                0x10005500       0x30 CMakeFiles/MPU6050_IMU.dir/Users/luluhtutt/.pico-sdk/sdk/2.1.1/src/rp2_common/pico_printf/printf.c.o
                0x10005500                weak_raw_vprintf
 .text._exit    0x10005530        0x4 CMakeFiles/MPU6050_IMU.dir/Users/luluhtutt/.pico-sdk/sdk/2.1.1/src/rp2_common/pico_clib_interface/newlib_interface.c.o
                0x10005530                _exit
 .text.exit     0x10005534        0x8 CMakeFiles/MPU6050_IMU.dir/Users/luluhtutt/.pico-sdk/sdk/2.1.1/src/rp2_common/pico_clib_interface/newlib_interface.c.o
                0x10005534                exit
 .text.runtime_init
                0x1000553c       0x2c CMakeFiles/MPU6050_IMU.dir/Users/luluhtutt/.pico-sdk/sdk/2.1.1/src/rp2_common/pico_clib_interface/newlib_interface.c.o
                0x1000553c                runtime_init
 .text.stdio_out_chars_no_crlf
                0x10005568       0x10 CMakeFiles/MPU6050_IMU.dir/Users/luluhtutt/.pico-sdk/sdk/2.1.1/src/rp2_common/pico_stdio/stdio.c.o
 .text.stdio_out_chars_crlf
                0x10005578       0xb0 CMakeFiles/MPU6050_IMU.dir/Users/luluhtutt/.pico-sdk/sdk/2.1.1/src/rp2_common/pico_stdio/stdio.c.o
 .text.stdio_buffered_printer
                0x10005628       0x64 CMakeFiles/MPU6050_IMU.dir/Users/luluhtutt/.pico-sdk/sdk/2.1.1/src/rp2_common/pico_stdio/stdio.c.o
 .text.stdio_put_string
                0x1000568c       0xfc CMakeFiles/MPU6050_IMU.dir/Users/luluhtutt/.pico-sdk/sdk/2.1.1/src/rp2_common/pico_stdio/stdio.c.o
                0x1000568c                stdio_put_string
 .text.stdio_set_driver_enabled
                0x10005788       0x30 CMakeFiles/MPU6050_IMU.dir/Users/luluhtutt/.pico-sdk/sdk/2.1.1/src/rp2_common/pico_stdio/stdio.c.o
                0x10005788                stdio_set_driver_enabled
 .text.stdio_init_all
                0x100057b8        0xc CMakeFiles/MPU6050_IMU.dir/Users/luluhtutt/.pico-sdk/sdk/2.1.1/src/rp2_common/pico_stdio/stdio.c.o
                0x100057b8                stdio_init_all
 .text.__wrap_putchar
                0x100057c4       0x94 CMakeFiles/MPU6050_IMU.dir/Users/luluhtutt/.pico-sdk/sdk/2.1.1/src/rp2_common/pico_stdio/stdio.c.o
                0x100057c4                stdio_putchar
                0x100057c4                __wrap_putchar
 .text.__wrap_puts
                0x10005858       0x3c CMakeFiles/MPU6050_IMU.dir/Users/luluhtutt/.pico-sdk/sdk/2.1.1/src/rp2_common/pico_stdio/stdio.c.o
                0x10005858                __wrap_puts
                0x10005858                stdio_puts
 .text.__wrap_vprintf
                0x10005894       0xcc CMakeFiles/MPU6050_IMU.dir/Users/luluhtutt/.pico-sdk/sdk/2.1.1/src/rp2_common/pico_stdio/stdio.c.o
                0x10005894                __wrap_vprintf
                0x10005894                stdio_vprintf
 .text.__wrap_printf
                0x10005960       0x18 CMakeFiles/MPU6050_IMU.dir/Users/luluhtutt/.pico-sdk/sdk/2.1.1/src/rp2_common/pico_stdio/stdio.c.o
                0x10005960                stdio_printf
                0x10005960                __wrap_printf
 .text.stdio_uart_out_chars
                0x10005978       0x4c CMakeFiles/MPU6050_IMU.dir/Users/luluhtutt/.pico-sdk/sdk/2.1.1/src/rp2_common/pico_stdio_uart/stdio_uart.c.o
 .text.stdio_uart_in_chars
                0x100059c4       0x90 CMakeFiles/MPU6050_IMU.dir/Users/luluhtutt/.pico-sdk/sdk/2.1.1/src/rp2_common/pico_stdio_uart/stdio_uart.c.o
                0x100059c4                stdio_uart_in_chars
 .text.on_uart_rx
                0x10005a54       0x28 CMakeFiles/MPU6050_IMU.dir/Users/luluhtutt/.pico-sdk/sdk/2.1.1/src/rp2_common/pico_stdio_uart/stdio_uart.c.o
 .text.stdio_uart_out_flush
                0x10005a7c       0x14 CMakeFiles/MPU6050_IMU.dir/Users/luluhtutt/.pico-sdk/sdk/2.1.1/src/rp2_common/pico_stdio_uart/stdio_uart.c.o
 .text.stdio_uart_set_chars_available_callback
                0x10005a90       0x84 CMakeFiles/MPU6050_IMU.dir/Users/luluhtutt/.pico-sdk/sdk/2.1.1/src/rp2_common/pico_stdio_uart/stdio_uart.c.o
 .text.stdio_uart_init
                0x10005b14       0x50 CMakeFiles/MPU6050_IMU.dir/Users/luluhtutt/.pico-sdk/sdk/2.1.1/src/rp2_common/pico_stdio_uart/stdio_uart.c.o
                0x10005b14                stdio_uart_init
 .text.startup.boot_double_tap_check
                0x10005b64       0x5c CMakeFiles/MPU6050_IMU.dir/Users/luluhtutt/.pico-sdk/sdk/2.1.1/src/rp2_common/pico_bootsel_via_double_reset/pico_bootsel_via_double_reset.c.o
 .text.dma_claim_unused_channel
                0x10005bc0       0x24 CMakeFiles/MPU6050_IMU.dir/Users/luluhtutt/.pico-sdk/sdk/2.1.1/src/rp2_common/hardware_dma/dma.c.o
                0x10005bc0                dma_claim_unused_channel
 .text.spi_init
                0x10005be4      0x13c CMakeFiles/MPU6050_IMU.dir/Users/luluhtutt/.pico-sdk/sdk/2.1.1/src/rp2_common/hardware_spi/spi.c.o
                0x10005be4                spi_init
 .text.pio_add_program
                0x10005d20       0xf8 CMakeFiles/MPU6050_IMU.dir/Users/luluhtutt/.pico-sdk/sdk/2.1.1/src/rp2_common/hardware_pio/pio.c.o
                0x10005d20                pio_add_program
 .text.pio_sm_set_consecutive_pindirs
                0x10005e18       0xb4 CMakeFiles/MPU6050_IMU.dir/Users/luluhtutt/.pico-sdk/sdk/2.1.1/src/rp2_common/hardware_pio/pio.c.o
                0x10005e18                pio_sm_set_consecutive_pindirs
 .text.pio_sm_init
                0x10005ecc       0x9c CMakeFiles/MPU6050_IMU.dir/Users/luluhtutt/.pico-sdk/sdk/2.1.1/src/rp2_common/hardware_pio/pio.c.o
                0x10005ecc                pio_sm_init
 .text.i2c_read_blocking_internal.constprop.0
                0x10005f68       0x98 CMakeFiles/MPU6050_IMU.dir/Users/luluhtutt/.pico-sdk/sdk/2.1.1/src/rp2_common/hardware_i2c/i2c.c.o
 .text.i2c_write_blocking_internal.constprop.0
                0x10006000       0xf8 CMakeFiles/MPU6050_IMU.dir/Users/luluhtutt/.pico-sdk/sdk/2.1.1/src/rp2_common/hardware_i2c/i2c.c.o
 .text.i2c_set_baudrate
                0x100060f8       0xc0 CMakeFiles/MPU6050_IMU.dir/Users/luluhtutt/.pico-sdk/sdk/2.1.1/src/rp2_common/hardware_i2c/i2c.c.o
                0x100060f8                i2c_set_baudrate
 .text.i2c_init
                0x100061b8       0x50 CMakeFiles/MPU6050_IMU.dir/Users/luluhtutt/.pico-sdk/sdk/2.1.1/src/rp2_common/hardware_i2c/i2c.c.o
                0x100061b8                i2c_init
 .text.i2c_write_blocking
                0x10006208       0x14 CMakeFiles/MPU6050_IMU.dir/Users/luluhtutt/.pico-sdk/sdk/2.1.1/src/rp2_common/hardware_i2c/i2c.c.o
                0x10006208                i2c_write_blocking
 .text.i2c_read_blocking
                0x1000621c       0x14 CMakeFiles/MPU6050_IMU.dir/Users/luluhtutt/.pico-sdk/sdk/2.1.1/src/rp2_common/hardware_i2c/i2c.c.o
                0x1000621c                i2c_read_blocking
 .text.strlen   0x10006230       0x5c /Users/luluhtutt/.pico-sdk/toolchain/14_2_Rel1/bin/../lib/gcc/arm-none-eabi/14.2.1/../../../../arm-none-eabi/lib/thumb/v6-m/nofp/libg.a(libc_a-strlen-stub.o)
                0x10006230                strlen
 *(.fini)
 .fini          0x1000628c        0x4 /Users/luluhtutt/.pico-sdk/toolchain/14_2_Rel1/bin/../lib/gcc/arm-none-eabi/14.2.1/thumb/v6-m/nofp/crti.o
                0x1000628c                _fini
 .fini.__stub   0x10006290       0x50 linker stubs
 *crtbegin.o(.ctors)
 *crtbegin?.o(.ctors)
 *(EXCLUDE_FILE(*crtend.o *crtend?.o) .ctors)
 *(SORT_BY_NAME(.ctors.*))
 *(.ctors)
 *crtbegin.o(.dtors)
 *crtbegin?.o(.dtors)
 *(EXCLUDE_FILE(*crtend.o *crtend?.o) .dtors)
 *(SORT_BY_NAME(.dtors.*))
 *(.dtors)
                0x100062e0                        . = ALIGN (0x4)
                0x100062e0                        PROVIDE (__preinit_array_start = .)
 *(SORT_BY_NAME(.preinit_array.*))
 .preinit_array.00100
                0x100062e0        0x4 CMakeFiles/MPU6050_IMU.dir/Users/luluhtutt/.pico-sdk/sdk/2.1.1/src/rp2_common/pico_runtime_init/runtime_init.c.o
                0x100062e0                __pre_init_runtime_init_early_resets
 .preinit_array.00101
                0x100062e4        0x4 CMakeFiles/MPU6050_IMU.dir/Users/luluhtutt/.pico-sdk/sdk/2.1.1/src/rp2_common/pico_runtime_init/runtime_init.c.o
                0x100062e4                __pre_init_runtime_init_usb_power_down
 .preinit_array.00275
                0x100062e8        0x4 CMakeFiles/MPU6050_IMU.dir/Users/luluhtutt/.pico-sdk/sdk/2.1.1/src/rp2_common/pico_bit_ops/bit_ops_aeabi.S.o
 .preinit_array.00300
                0x100062ec        0x4 CMakeFiles/MPU6050_IMU.dir/Users/luluhtutt/.pico-sdk/sdk/2.1.1/src/rp2_common/pico_mem_ops/mem_ops_aeabi.S.o
 .preinit_array.00350
                0x100062f0        0x4 CMakeFiles/MPU6050_IMU.dir/Users/luluhtutt/.pico-sdk/sdk/2.1.1/src/rp2_common/pico_double/double_aeabi_rp2040.S.o
 .preinit_array.00350
                0x100062f4        0x4 CMakeFiles/MPU6050_IMU.dir/Users/luluhtutt/.pico-sdk/sdk/2.1.1/src/rp2_common/pico_float/float_aeabi_rp2040.S.o
 .preinit_array.00500
                0x100062f8        0x4 CMakeFiles/MPU6050_IMU.dir/Users/luluhtutt/.pico-sdk/sdk/2.1.1/src/rp2_common/pico_runtime_init/runtime_init.c.o
                0x100062f8                __pre_init_runtime_init_clocks
 .preinit_array.00600
                0x100062fc        0x4 CMakeFiles/MPU6050_IMU.dir/Users/luluhtutt/.pico-sdk/sdk/2.1.1/src/rp2_common/pico_runtime_init/runtime_init.c.o
                0x100062fc                __pre_init_runtime_init_post_clock_resets
 .preinit_array.00700
                0x10006300        0x4 CMakeFiles/MPU6050_IMU.dir/Users/luluhtutt/.pico-sdk/sdk/2.1.1/src/rp2_common/pico_runtime_init/runtime_init.c.o
                0x10006300                __pre_init_runtime_init_rp2040_gpio_ie_disable
 .preinit_array.01000
                0x10006304        0x4 CMakeFiles/MPU6050_IMU.dir/Users/luluhtutt/.pico-sdk/sdk/2.1.1/src/rp2_common/pico_runtime_init/runtime_init.c.o
                0x10006304                __pre_init_runtime_init_spin_locks_reset
 .preinit_array.01100
                0x10006308        0x4 CMakeFiles/MPU6050_IMU.dir/Users/luluhtutt/.pico-sdk/sdk/2.1.1/src/common/pico_sync/mutex.c.o
                0x10006308                __pre_init_runtime_init_mutex
 .preinit_array.10080
                0x1000630c        0x4 CMakeFiles/MPU6050_IMU.dir/Users/luluhtutt/.pico-sdk/sdk/2.1.1/src/rp2_common/pico_runtime_init/runtime_init.c.o
                0x1000630c                __pre_init_runtime_init_install_ram_vector_table
 .preinit_array.11000
                0x10006310        0x4 CMakeFiles/MPU6050_IMU.dir/Users/luluhtutt/.pico-sdk/sdk/2.1.1/src/common/pico_time/time.c.o
                0x10006310                __pre_init_runtime_init_default_alarm_pool
 .preinit_array.YYYYY
                0x10006314        0x4 CMakeFiles/MPU6050_IMU.dir/Users/luluhtutt/.pico-sdk/sdk/2.1.1/src/rp2_common/pico_runtime/runtime.c.o
                0x10006314                __pre_init_first_per_core_initializer
 .preinit_array.ZZZZZ.01200
                0x10006318        0x4 CMakeFiles/MPU6050_IMU.dir/Users/luluhtutt/.pico-sdk/sdk/2.1.1/src/rp2_common/hardware_irq/irq.c.o
                0x10006318                __pre_init_runtime_init_per_core_irq_priorities
 *(.preinit_array)
                0x1000631c                        PROVIDE (__preinit_array_end = .)
                0x1000631c                        . = ALIGN (0x4)
                0x1000631c                        PROVIDE (__init_array_start = .)
 *(SORT_BY_NAME(.init_array.*))
 *(.init_array)
 .init_array    0x1000631c        0x4 /Users/luluhtutt/.pico-sdk/toolchain/14_2_Rel1/bin/../lib/gcc/arm-none-eabi/14.2.1/thumb/v6-m/nofp/crtbegin.o
 .init_array    0x10006320        0x4 CMakeFiles/MPU6050_IMU.dir/Users/luluhtutt/.pico-sdk/sdk/2.1.1/src/rp2_common/pico_bootsel_via_double_reset/pico_bootsel_via_double_reset.c.o
                0x10006324                        PROVIDE (__init_array_end = .)
                0x10006324                        . = ALIGN (0x4)
                [!provide]                        PROVIDE (__fini_array_start = .)
 *(SORT_BY_NAME(.fini_array.*))
 *(.fini_array)
                [!provide]                        PROVIDE (__fini_array_end = .)
 *(.eh_frame*)
 .eh_frame      0x10006324        0x0 /Users/luluhtutt/.pico-sdk/toolchain/14_2_Rel1/bin/../lib/gcc/arm-none-eabi/14.2.1/thumb/v6-m/nofp/crtbegin.o
                0x10006324                        . = ALIGN (0x4)

.glue_7         0x10006324        0x0
 .glue_7        0x10006324        0x0 linker stubs

.glue_7t        0x10006324        0x0
 .glue_7t       0x10006324        0x0 linker stubs

.vfp11_veneer   0x10006324        0x0
 .vfp11_veneer  0x10006324        0x0 linker stubs

.v4_bx          0x10006324        0x0
 .v4_bx         0x10006324        0x0 linker stubs

.iplt           0x10006324        0x0
 .iplt          0x10006324        0x0 /Users/luluhtutt/.pico-sdk/toolchain/14_2_Rel1/bin/../lib/gcc/arm-none-eabi/14.2.1/thumb/v6-m/nofp/crtbegin.o

.rodata         0x10006328      0x92c
 *(EXCLUDE_FILE(*libm.a: *libc.a:*lib_a-mem*.o *libgcc.a:) .rodata*)
 .rodata.protothread_vga.str1.4
                0x10006328      0x15a CMakeFiles/MPU6050_IMU.dir/imu_demo.c.o
                                 0x27 (size before relaxing)
 .rodata.main.str1.4
                0x10006482       0x34 CMakeFiles/MPU6050_IMU.dir/imu_demo.c.o
 *fill*         0x10006482        0x2 
 .rodata.contact_pins
                0x10006484        0xc CMakeFiles/MPU6050_IMU.dir/imu_demo.c.o
 .rodata.font   0x10006490      0x4fb CMakeFiles/MPU6050_IMU.dir/vga16_graphics.c.o
 *fill*         0x1000698b        0x1 
 .rodata.rgb_program
                0x1000698c        0x8 CMakeFiles/MPU6050_IMU.dir/vga16_graphics.c.o
 .rodata.rgb_program_instructions
                0x10006994       0x12 CMakeFiles/MPU6050_IMU.dir/vga16_graphics.c.o
 *fill*         0x100069a6        0x2 
 .rodata.vsync_program
                0x100069a8        0x8 CMakeFiles/MPU6050_IMU.dir/vga16_graphics.c.o
 .rodata.vsync_program_instructions
                0x100069b0       0x1c CMakeFiles/MPU6050_IMU.dir/vga16_graphics.c.o
 .rodata.hsync_program
                0x100069cc        0x8 CMakeFiles/MPU6050_IMU.dir/vga16_graphics.c.o
 .rodata.hsync_program_instructions
                0x100069d4       0x12 CMakeFiles/MPU6050_IMU.dir/vga16_graphics.c.o
 .rodata.panic.str1.4
                0x100069e6       0x12 CMakeFiles/MPU6050_IMU.dir/Users/luluhtutt/.pico-sdk/sdk/2.1.1/src/rp2_common/pico_platform_panic/panic.c.o
 .rodata.timer_hardware_alarm_claim.str1.4
                0x100069e6       0x22 CMakeFiles/MPU6050_IMU.dir/Users/luluhtutt/.pico-sdk/sdk/2.1.1/src/rp2_common/hardware_timer/timer.c.o
 .rodata.hard_assertion_failure.str1.4
                0x100069e6        0xc CMakeFiles/MPU6050_IMU.dir/Users/luluhtutt/.pico-sdk/sdk/2.1.1/src/rp2_common/pico_runtime/runtime.c.o
 .rodata.str1.4
                0x100069e6       0x40 CMakeFiles/MPU6050_IMU.dir/Users/luluhtutt/.pico-sdk/sdk/2.1.1/src/rp2_common/pico_standard_binary_info/standard_binary_info.c.o
 *fill*         0x100069e6        0x2 
 .rodata.__bi_84
                0x100069e8        0xc CMakeFiles/MPU6050_IMU.dir/Users/luluhtutt/.pico-sdk/sdk/2.1.1/src/rp2_common/pico_standard_binary_info/standard_binary_info.c.o
 .rodata.__bi_78
                0x100069f4        0xc CMakeFiles/MPU6050_IMU.dir/Users/luluhtutt/.pico-sdk/sdk/2.1.1/src/rp2_common/pico_standard_binary_info/standard_binary_info.c.o
 .rodata.__bi_54
                0x10006a00        0xc CMakeFiles/MPU6050_IMU.dir/Users/luluhtutt/.pico-sdk/sdk/2.1.1/src/rp2_common/pico_standard_binary_info/standard_binary_info.c.o
 .rodata.__bi_48
                0x10006a0c        0xc CMakeFiles/MPU6050_IMU.dir/Users/luluhtutt/.pico-sdk/sdk/2.1.1/src/rp2_common/pico_standard_binary_info/standard_binary_info.c.o
 .rodata.__bi_42
                0x10006a18        0xc CMakeFiles/MPU6050_IMU.dir/Users/luluhtutt/.pico-sdk/sdk/2.1.1/src/rp2_common/pico_standard_binary_info/standard_binary_info.c.o
 .rodata.__bi_34
                0x10006a24        0xc CMakeFiles/MPU6050_IMU.dir/Users/luluhtutt/.pico-sdk/sdk/2.1.1/src/rp2_common/pico_standard_binary_info/standard_binary_info.c.o
 .rodata.__bi_26
                0x10006a30        0xc CMakeFiles/MPU6050_IMU.dir/Users/luluhtutt/.pico-sdk/sdk/2.1.1/src/rp2_common/pico_standard_binary_info/standard_binary_info.c.o
 .rodata._ftoa.str1.4
                0x10006a3c       0x15 CMakeFiles/MPU6050_IMU.dir/Users/luluhtutt/.pico-sdk/sdk/2.1.1/src/rp2_common/pico_printf/printf.c.o
 .rodata._vsnprintf
                0x10006a3c      0x19c CMakeFiles/MPU6050_IMU.dir/Users/luluhtutt/.pico-sdk/sdk/2.1.1/src/rp2_common/pico_printf/printf.c.o
 .rodata.pow10.0
                0x10006bd8       0x50 CMakeFiles/MPU6050_IMU.dir/Users/luluhtutt/.pico-sdk/sdk/2.1.1/src/rp2_common/pico_printf/printf.c.o
 .rodata.crlf_str.0
                0x10006c28        0x2 CMakeFiles/MPU6050_IMU.dir/Users/luluhtutt/.pico-sdk/sdk/2.1.1/src/rp2_common/pico_stdio/stdio.c.o
 .rodata.str1.4
                0x10006c2a       0x2c CMakeFiles/MPU6050_IMU.dir/Users/luluhtutt/.pico-sdk/sdk/2.1.1/src/rp2_common/pico_stdio_uart/stdio_uart.c.o
 *fill*         0x10006c2a        0x2 
 .rodata.__bi_45.4
                0x10006c2c        0xc CMakeFiles/MPU6050_IMU.dir/Users/luluhtutt/.pico-sdk/sdk/2.1.1/src/rp2_common/pico_stdio_uart/stdio_uart.c.o
 .rodata.__bi_49.5
                0x10006c38        0x8 CMakeFiles/MPU6050_IMU.dir/Users/luluhtutt/.pico-sdk/sdk/2.1.1/src/rp2_common/pico_stdio_uart/stdio_uart.c.o
 .rodata.__bi_50.6
                0x10006c40        0x8 CMakeFiles/MPU6050_IMU.dir/Users/luluhtutt/.pico-sdk/sdk/2.1.1/src/rp2_common/pico_stdio_uart/stdio_uart.c.o
 .rodata.str1.4
                0x10006c48       0x18 CMakeFiles/MPU6050_IMU.dir/Users/luluhtutt/.pico-sdk/sdk/2.1.1/src/rp2_common/pico_bootsel_via_double_reset/pico_bootsel_via_double_reset.c.o
 .rodata.__bi_50
                0x10006c48        0xc CMakeFiles/MPU6050_IMU.dir/Users/luluhtutt/.pico-sdk/sdk/2.1.1/src/rp2_common/pico_bootsel_via_double_reset/pico_bootsel_via_double_reset.c.o
 .rodata.dma_claim_unused_channel.str1.4
                0x10006c54       0x1e CMakeFiles/MPU6050_IMU.dir/Users/luluhtutt/.pico-sdk/sdk/2.1.1/src/rp2_common/hardware_dma/dma.c.o
                0x10006c74                        . = ALIGN (0x4)
 *(SORT_BY_ALIGNMENT(SORT_BY_NAME(.flashdata*)))
                0x10006c74                        . = ALIGN (0x4)

.ARM.extab
 *(.ARM.extab* .gnu.linkonce.armextab.*)
                0x10006c54                        __exidx_start = .

.ARM.exidx
 *(.ARM.exidx* .gnu.linkonce.armexidx.*)
                0x10006c54                        __exidx_end = .
                0x10006c74                        . = ALIGN (0x4)
                0x10006c54                        __binary_info_start = .

.binary_info    0x10006c54       0x2c
 *(.binary_info.keep.*)
 .binary_info.keep.__bi_ptr84
                0x10006c54        0x4 CMakeFiles/MPU6050_IMU.dir/Users/luluhtutt/.pico-sdk/sdk/2.1.1/src/rp2_common/pico_standard_binary_info/standard_binary_info.c.o
 .binary_info.keep.__bi_ptr78
                0x10006c58        0x4 CMakeFiles/MPU6050_IMU.dir/Users/luluhtutt/.pico-sdk/sdk/2.1.1/src/rp2_common/pico_standard_binary_info/standard_binary_info.c.o
 .binary_info.keep.__bi_ptr54
                0x10006c5c        0x4 CMakeFiles/MPU6050_IMU.dir/Users/luluhtutt/.pico-sdk/sdk/2.1.1/src/rp2_common/pico_standard_binary_info/standard_binary_info.c.o
 .binary_info.keep.__bi_ptr48
                0x10006c60        0x4 CMakeFiles/MPU6050_IMU.dir/Users/luluhtutt/.pico-sdk/sdk/2.1.1/src/rp2_common/pico_standard_binary_info/standard_binary_info.c.o
 .binary_info.keep.__bi_ptr42
                0x10006c64        0x4 CMakeFiles/MPU6050_IMU.dir/Users/luluhtutt/.pico-sdk/sdk/2.1.1/src/rp2_common/pico_standard_binary_info/standard_binary_info.c.o
 .binary_info.keep.__bi_ptr34
                0x10006c68        0x4 CMakeFiles/MPU6050_IMU.dir/Users/luluhtutt/.pico-sdk/sdk/2.1.1/src/rp2_common/pico_standard_binary_info/standard_binary_info.c.o
 .binary_info.keep.__bi_ptr26
                0x10006c6c        0x4 CMakeFiles/MPU6050_IMU.dir/Users/luluhtutt/.pico-sdk/sdk/2.1.1/src/rp2_common/pico_standard_binary_info/standard_binary_info.c.o
 .binary_info.keep.__bi_ptr50
                0x10006c70        0x4 CMakeFiles/MPU6050_IMU.dir/Users/luluhtutt/.pico-sdk/sdk/2.1.1/src/rp2_common/pico_bootsel_via_double_reset/pico_bootsel_via_double_reset.c.o
 *(.binary_info.*)
 .binary_info.__bi_ptr50
                0x10006c74        0x4 CMakeFiles/MPU6050_IMU.dir/Users/luluhtutt/.pico-sdk/sdk/2.1.1/src/rp2_common/pico_stdio_uart/stdio_uart.c.o
 .binary_info.__bi_ptr49
                0x10006c78        0x4 CMakeFiles/MPU6050_IMU.dir/Users/luluhtutt/.pico-sdk/sdk/2.1.1/src/rp2_common/pico_stdio_uart/stdio_uart.c.o
 .binary_info.__bi_ptr45
                0x10006c7c        0x4 CMakeFiles/MPU6050_IMU.dir/Users/luluhtutt/.pico-sdk/sdk/2.1.1/src/rp2_common/pico_stdio_uart/stdio_uart.c.o
                0x10006c80                        __binary_info_end = .

.rel.dyn        0x10006c80        0x0
 .rel.iplt      0x10006c80        0x0 /Users/luluhtutt/.pico-sdk/toolchain/14_2_Rel1/bin/../lib/gcc/arm-none-eabi/14.2.1/thumb/v6-m/nofp/crtbegin.o
                0x10006c80                        . = ALIGN (0x4)

.ram_vector_table
                0x20000000       0xc0
 *(.ram_vector_table)
 .ram_vector_table
                0x20000000       0xc0 CMakeFiles/MPU6050_IMU.dir/Users/luluhtutt/.pico-sdk/sdk/2.1.1/src/rp2_common/pico_runtime_init/runtime_init.c.o
                0x20000000                ram_vector_table

.uninitialized_data
                0x200000c0        0xc
                0x200000c0                        . = ALIGN (0x4)
 *(.uninitialized_data*)
 .uninitialized_data.magic_location
                0x200000c0        0xc CMakeFiles/MPU6050_IMU.dir/Users/luluhtutt/.pico-sdk/sdk/2.1.1/src/rp2_common/pico_bootsel_via_double_reset/pico_bootsel_via_double_reset.c.o

.data           0x200000d0      0x650 load address 0x10006c80
                0x200000d0                        __data_start__ = .
 *(vtable)
 *(.time_critical*)
 .time_critical.mutex_try_enter_block_until
                0x200000d0       0x98 CMakeFiles/MPU6050_IMU.dir/Users/luluhtutt/.pico-sdk/sdk/2.1.1/src/common/pico_sync/mutex.c.o
                0x200000d0                mutex_try_enter_block_until
 .time_critical.mutex_exit
                0x20000168       0x28 CMakeFiles/MPU6050_IMU.dir/Users/luluhtutt/.pico-sdk/sdk/2.1.1/src/common/pico_sync/mutex.c.o
                0x20000168                mutex_exit
 .time_critical.spi_write_read_blocking
                0x20000190       0xb0 CMakeFiles/MPU6050_IMU.dir/Users/luluhtutt/.pico-sdk/sdk/2.1.1/src/rp2_common/hardware_spi/spi.c.o
                0x20000190                spi_write_read_blocking
 *(.text*)
 .text          0x20000240        0x4 /Users/luluhtutt/.pico-sdk/toolchain/14_2_Rel1/bin/../lib/gcc/arm-none-eabi/14.2.1/thumb/v6-m/nofp/libgcc.a(_dvmd_tls.o)
                0x20000240                __aeabi_ldiv0
                0x20000240                __aeabi_idiv0
 *fill*         0x20000244        0x4 
 .text.__stub   0x20000248       0x10 linker stubs
                0x20000258                        . = ALIGN (0x4)
 *(.rodata*)
                0x20000258                        . = ALIGN (0x4)
 *(.data*)
 .data.sign_map
                0x20000258      0x3cc CMakeFiles/MPU6050_IMU.dir/imu_demo.c.o
                0x20000258                sign_map
 .data.finger_map
                0x20000624       0x3c CMakeFiles/MPU6050_IMU.dir/imu_demo.c.o
                0x20000624                finger_map
 .data.curs_y   0x20000660        0x4 CMakeFiles/MPU6050_IMU.dir/imu_demo.c.o
                0x20000660                curs_y
 .data.curs_x   0x20000664        0x4 CMakeFiles/MPU6050_IMU.dir/imu_demo.c.o
                0x20000664                curs_x
 .data.address_pointer
                0x20000668        0x4 CMakeFiles/MPU6050_IMU.dir/vga16_graphics.c.o
                0x20000668                address_pointer
 .data.striped_spin_lock_num
                0x2000066c        0x1 CMakeFiles/MPU6050_IMU.dir/Users/luluhtutt/.pico-sdk/sdk/2.1.1/src/rp2_common/hardware_sync/sync.c.o
 *fill*         0x2000066d        0x3 
 .data          0x20000670       0x48 CMakeFiles/MPU6050_IMU.dir/Users/luluhtutt/.pico-sdk/sdk/2.1.1/src/rp2_common/hardware_irq/irq_handler_chain.S.o
                0x20000670                irq_handler_chain_slots
                0x200006a0                irq_handler_chain_first_slot
                0x200006aa                irq_handler_chain_remove_tail
 .data.default_alarm_pool
                0x200006b8       0x18 CMakeFiles/MPU6050_IMU.dir/Users/luluhtutt/.pico-sdk/sdk/2.1.1/src/common/pico_time/time.c.o
 *fill*         0x200006d0        0x0 
 .data.aeabi_bits_funcs
                0x200006d0       0x10 CMakeFiles/MPU6050_IMU.dir/Users/luluhtutt/.pico-sdk/sdk/2.1.1/src/rp2_common/pico_bit_ops/bit_ops_aeabi.S.o
                0x200006d0                aeabi_bits_funcs
                0x200006e0                aeabi_bits_funcs_end
 .data.aeabi_mem_funcs
                0x200006e0       0x10 CMakeFiles/MPU6050_IMU.dir/Users/luluhtutt/.pico-sdk/sdk/2.1.1/src/rp2_common/pico_mem_ops/mem_ops_aeabi.S.o
                0x200006e0                aeabi_mem_funcs
                0x200006f0                aeabi_mem_funcs_end
 .data.stdio_uart
                0x200006f0       0x18 CMakeFiles/MPU6050_IMU.dir/Users/luluhtutt/.pico-sdk/sdk/2.1.1/src/rp2_common/pico_stdio_uart/stdio_uart.c.o
                0x200006f0                stdio_uart
 .data.i2c0_inst
                0x20000708        0x8 CMakeFiles/MPU6050_IMU.dir/Users/luluhtutt/.pico-sdk/sdk/2.1.1/src/rp2_common/hardware_i2c/i2c.c.o
                0x20000708                i2c0_inst
                0x20000710                        . = ALIGN (0x4)
 *(.after_data.*)
                0x20000710                        . = ALIGN (0x4)
                0x20000710                        PROVIDE (__mutex_array_start = .)
 *(SORT_BY_NAME(.mutex_array.*))
 *(.mutex_array)
 .mutex_array   0x20000710        0x8 CMakeFiles/MPU6050_IMU.dir/Users/luluhtutt/.pico-sdk/sdk/2.1.1/src/rp2_common/pico_malloc/malloc.c.o
 .mutex_array   0x20000718        0x8 CMakeFiles/MPU6050_IMU.dir/Users/luluhtutt/.pico-sdk/sdk/2.1.1/src/rp2_common/pico_stdio/stdio.c.o
                0x20000720                        PROVIDE (__mutex_array_end = .)
                0x20000720                        . = ALIGN (0x4)
 *(.jcr)
                0x20000720                        . = ALIGN (0x4)

.tm_clone_table
                0x20000720        0x0 load address 0x100072d0
 .tm_clone_table
                0x20000720        0x0 /Users/luluhtutt/.pico-sdk/toolchain/14_2_Rel1/bin/../lib/gcc/arm-none-eabi/14.2.1/thumb/v6-m/nofp/crtbegin.o
 .tm_clone_table
                0x20000720        0x0 /Users/luluhtutt/.pico-sdk/toolchain/14_2_Rel1/bin/../lib/gcc/arm-none-eabi/14.2.1/thumb/v6-m/nofp/crtend.o

.igot.plt       0x20000720        0x0 load address 0x100072d0
 .igot.plt      0x20000720        0x0 /Users/luluhtutt/.pico-sdk/toolchain/14_2_Rel1/bin/../lib/gcc/arm-none-eabi/14.2.1/thumb/v6-m/nofp/crtbegin.o

.tdata          0x20000720        0x0 load address 0x100072d0
                0x20000720                        . = ALIGN (0x4)
 *(.tdata .tdata.* .gnu.linkonce.td.*)
                0x20000720                        __tdata_end = .
                0x20000720                        PROVIDE (__data_end__ = .)
                0x10006c80                        __etext = LOADADDR (.data)

.tbss           0x20000720        0x0 load address 0x100072d0
                0x20000720                        . = ALIGN (0x4)
                0x20000720                        __bss_start__ = .
                0x20000720                        __tls_base = .
 *(.tbss .tbss.* .gnu.linkonce.tb.*)
 *(.tcommon)
                0x20000720                        __tls_end = .

.bss            0x20000720    0x25e74 load address 0x100072d0
                0x20000720                        . = ALIGN (0x4)
                0x20000720                        __tbss_end = .
 *(SORT_BY_ALIGNMENT(SORT_BY_NAME(.bss*)))
 .bss.default_alarm_pool_entries
                0x20000720      0x180 CMakeFiles/MPU6050_IMU.dir/Users/luluhtutt/.pico-sdk/sdk/2.1.1/src/common/pico_time/time.c.o
 .bss.sched_thread_time
                0x200008a0       0x50 CMakeFiles/MPU6050_IMU.dir/imu_demo.c.o
                0x200008a0                sched_thread_time
 .bss.sched_thread_time1
                0x200008f0       0x50 CMakeFiles/MPU6050_IMU.dir/imu_demo.c.o
                0x200008f0                sched_thread_time1
 .bss.sd_table  0x20000940      0x100 CMakeFiles/MPU6050_IMU.dir/Users/luluhtutt/.pico-sdk/sdk/2.1.1/src/rp2_common/pico_double/double_init_rom_rp2040.c.o
                0x20000940                sd_table
 .bss.sf_table  0x20000a40      0x100 CMakeFiles/MPU6050_IMU.dir/Users/luluhtutt/.pico-sdk/sdk/2.1.1/src/rp2_common/pico_float/float_init_rom_rp2040.c.o
                0x20000a40                sf_table
 .bss.thread_time
                0x20000b40        0x8 CMakeFiles/MPU6050_IMU.dir/imu_demo.c.o
                0x20000b40                thread_time
 .bss.thread_time1
                0x20000b48        0x8 CMakeFiles/MPU6050_IMU.dir/imu_demo.c.o
                0x20000b48                thread_time1
 .bss.time_thread.2
                0x20000b50        0x8 CMakeFiles/MPU6050_IMU.dir/imu_demo.c.o
 .bss.STATE     0x20000b58        0x4 CMakeFiles/MPU6050_IMU.dir/imu_demo.c.o
                0x20000b58                STATE
 .bss._used_instruction_space
                0x20000b5c        0x8 CMakeFiles/MPU6050_IMU.dir/Users/luluhtutt/.pico-sdk/sdk/2.1.1/src/rp2_common/hardware_pio/pio.c.o
 .bss.acceleration
                0x20000b64        0xc CMakeFiles/MPU6050_IMU.dir/imu_demo.c.o
                0x20000b64                acceleration
 .bss.chars_available_callback
                0x20000b70        0x4 CMakeFiles/MPU6050_IMU.dir/Users/luluhtutt/.pico-sdk/sdk/2.1.1/src/rp2_common/pico_stdio_uart/stdio_uart.c.o
 .bss.chars_available_param
                0x20000b74        0x4 CMakeFiles/MPU6050_IMU.dir/Users/luluhtutt/.pico-sdk/sdk/2.1.1/src/rp2_common/pico_stdio_uart/stdio_uart.c.o
 .bss.claimed   0x20000b78        0x1 CMakeFiles/MPU6050_IMU.dir/Users/luluhtutt/.pico-sdk/sdk/2.1.1/src/rp2_common/hardware_timer/timer.c.o
 *fill*         0x20000b79        0x3 
 .bss.configured_freq
                0x20000b7c       0x28 CMakeFiles/MPU6050_IMU.dir/Users/luluhtutt/.pico-sdk/sdk/2.1.1/src/rp2_common/hardware_clocks/clocks.c.o
 .bss.drivers   0x20000ba4        0x4 CMakeFiles/MPU6050_IMU.dir/Users/luluhtutt/.pico-sdk/sdk/2.1.1/src/rp2_common/pico_stdio/stdio.c.o
 .bss.filter    0x20000ba8        0x4 CMakeFiles/MPU6050_IMU.dir/Users/luluhtutt/.pico-sdk/sdk/2.1.1/src/rp2_common/pico_stdio/stdio.c.o
 .bss.filtered_ax
                0x20000bac        0x4 CMakeFiles/MPU6050_IMU.dir/imu_demo.c.o
                0x20000bac                filtered_ax
 .bss.filtered_ay
                0x20000bb0        0x4 CMakeFiles/MPU6050_IMU.dir/imu_demo.c.o
                0x20000bb0                filtered_ay
 .bss.filtered_az
                0x20000bb4        0x4 CMakeFiles/MPU6050_IMU.dir/imu_demo.c.o
                0x20000bb4                filtered_az
 .bss.gyro      0x20000bb8        0xc CMakeFiles/MPU6050_IMU.dir/imu_demo.c.o
                0x20000bb8                gyro
 .bss.i.0       0x20000bc4        0x4 CMakeFiles/MPU6050_IMU.dir/imu_demo.c.o
 .bss.i.1       0x20000bc8        0x4 CMakeFiles/MPU6050_IMU.dir/imu_demo.c.o
 .bss.lazy_vsnprintf
                0x20000bcc        0x4 CMakeFiles/MPU6050_IMU.dir/Users/luluhtutt/.pico-sdk/sdk/2.1.1/src/rp2_common/pico_printf/printf.c.o
 .bss.measured_imu
                0x20000bd0        0xc CMakeFiles/MPU6050_IMU.dir/imu_demo.c.o
                0x20000bd0                measured_imu
 .bss.object.0  0x20000bdc       0x18 /Users/luluhtutt/.pico-sdk/toolchain/14_2_Rel1/bin/../lib/gcc/arm-none-eabi/14.2.1/thumb/v6-m/nofp/crtbegin.o
 .bss.pools     0x20000bf4       0x10 CMakeFiles/MPU6050_IMU.dir/Users/luluhtutt/.pico-sdk/sdk/2.1.1/src/common/pico_time/time.c.o
 .bss.prev_filtered_ax
                0x20000c04        0x4 CMakeFiles/MPU6050_IMU.dir/imu_demo.c.o
                0x20000c04                prev_filtered_ax
 .bss.prev_filtered_ay
                0x20000c08        0x4 CMakeFiles/MPU6050_IMU.dir/imu_demo.c.o
                0x20000c08                prev_filtered_ay
 .bss.prev_filtered_az
                0x20000c0c        0x4 CMakeFiles/MPU6050_IMU.dir/imu_demo.c.o
                0x20000c0c                prev_filtered_az
 .bss.pt_executed
                0x20000c10        0x4 CMakeFiles/MPU6050_IMU.dir/imu_demo.c.o
                0x20000c10                pt_executed
 .bss.pt_executed1
                0x20000c14        0x4 CMakeFiles/MPU6050_IMU.dir/imu_demo.c.o
                0x20000c14                pt_executed1
 .bss.pt_sched  0x20000c18        0x4 CMakeFiles/MPU6050_IMU.dir/imu_demo.c.o
 .bss.pt_sched1
                0x20000c1c        0x4 CMakeFiles/MPU6050_IMU.dir/imu_demo.c.o
 .bss.pt_sched_method
                0x20000c20        0x4 CMakeFiles/MPU6050_IMU.dir/imu_demo.c.o
                0x20000c20                pt_sched_method
 .bss.pt_task_count
                0x20000c24        0x4 CMakeFiles/MPU6050_IMU.dir/imu_demo.c.o
                0x20000c24                pt_task_count
 .bss.pt_task_count1
                0x20000c28        0x4 CMakeFiles/MPU6050_IMU.dir/imu_demo.c.o
                0x20000c28                pt_task_count1
 .bss.pt_thread_list
                0x20000c2c       0x78 CMakeFiles/MPU6050_IMU.dir/imu_demo.c.o
 .bss.pt_thread_list1
                0x20000ca4       0x78 CMakeFiles/MPU6050_IMU.dir/imu_demo.c.o
 .bss.sched_count
                0x20000d1c        0x4 CMakeFiles/MPU6050_IMU.dir/imu_demo.c.o
                0x20000d1c                sched_count
 .bss.sched_count1
                0x20000d20        0x4 CMakeFiles/MPU6050_IMU.dir/imu_demo.c.o
                0x20000d20                sched_count1
 .bss.sched_thread_stats
                0x20000d24       0x28 CMakeFiles/MPU6050_IMU.dir/imu_demo.c.o
                0x20000d24                sched_thread_stats
 .bss.sched_thread_stats1
                0x20000d4c       0x28 CMakeFiles/MPU6050_IMU.dir/imu_demo.c.o
                0x20000d4c                sched_thread_stats1
 .bss.sf_clz_func
                0x20000d74        0x4 CMakeFiles/MPU6050_IMU.dir/Users/luluhtutt/.pico-sdk/sdk/2.1.1/src/rp2_common/pico_double/double_init_rom_rp2040.c.o
                0x20000d74                sf_clz_func
 .bss.sleep_notifier
                0x20000d78        0x4 CMakeFiles/MPU6050_IMU.dir/Users/luluhtutt/.pico-sdk/sdk/2.1.1/src/common/pico_time/time.c.o
 .bss.uart_char_to_line_feed
                0x20000d7c        0x4 CMakeFiles/MPU6050_IMU.dir/Users/luluhtutt/.pico-sdk/sdk/2.1.1/src/rp2_common/hardware_uart/uart.c.o
                0x20000d7c                uart_char_to_line_feed
 .bss.uart_instance
                0x20000d80        0x4 CMakeFiles/MPU6050_IMU.dir/Users/luluhtutt/.pico-sdk/sdk/2.1.1/src/rp2_common/pico_stdio_uart/stdio_uart.c.o
 .bss.vga_data_array
                0x20000d84    0x25800 CMakeFiles/MPU6050_IMU.dir/vga16_graphics.c.o
                0x20000d84                vga_data_array
 .bss._claimed  0x20026584        0x2 CMakeFiles/MPU6050_IMU.dir/Users/luluhtutt/.pico-sdk/sdk/2.1.1/src/rp2_common/hardware_dma/dma.c.o
 .bss.cursor_x  0x20026586        0x2 CMakeFiles/MPU6050_IMU.dir/vga16_graphics.c.o
                0x20026586                cursor_x
 .bss.cursor_y  0x20026588        0x2 CMakeFiles/MPU6050_IMU.dir/vga16_graphics.c.o
                0x20026588                cursor_y
 .bss.textsize  0x2002658a        0x2 CMakeFiles/MPU6050_IMU.dir/vga16_graphics.c.o
                0x2002658a                textsize
 .bss.cur_letter
                0x2002658c        0x1 CMakeFiles/MPU6050_IMU.dir/imu_demo.c.o
                0x2002658c                cur_letter
 .bss.do_detect
                0x2002658d        0x1 CMakeFiles/MPU6050_IMU.dir/imu_demo.c.o
                0x2002658d                do_detect
 .bss.irq_handler_chain_free_slot_head
                0x2002658e        0x1 CMakeFiles/MPU6050_IMU.dir/Users/luluhtutt/.pico-sdk/sdk/2.1.1/src/rp2_common/hardware_irq/irq.c.o
 .bss.textbgcolor
                0x2002658f        0x1 CMakeFiles/MPU6050_IMU.dir/vga16_graphics.c.o
                0x2002658f                textbgcolor
 .bss.textcolor
                0x20026590        0x1 CMakeFiles/MPU6050_IMU.dir/vga16_graphics.c.o
                0x20026590                textcolor
 .bss.wrap      0x20026591        0x1 CMakeFiles/MPU6050_IMU.dir/vga16_graphics.c.o
                0x20026591                wrap
 *(COMMON)
                0x20026594                        . = ALIGN (0x4)
 *fill*         0x20026592        0x2 
                0x20026594                        __bss_end__ = .

.heap           0x20026594      0x800 load address 0x100072d0
                0x20026594                        __end__ = .
                0x20026594                        end = __end__
 *(.heap*)
 .heap          0x20026594      0x800 CMakeFiles/MPU6050_IMU.dir/Users/luluhtutt/.pico-sdk/sdk/2.1.1/src/rp2_common/pico_crt0/crt0.S.o
                0x20040000                        __HeapLimit = (ORIGIN (RAM) + LENGTH (RAM))

.scratch_x      0x20040000        0x0 load address 0x100072d0
                0x20040000                        __scratch_x_start__ = .
 *(.scratch_x.*)
                0x20040000                        . = ALIGN (0x4)
                0x20040000                        __scratch_x_end__ = .
                0x100072d0                        __scratch_x_source__ = LOADADDR (.scratch_x)

.scratch_y      0x20041000        0x0 load address 0x100072d0
                0x20041000                        __scratch_y_start__ = .
 *(.scratch_y.*)
                0x20041000                        . = ALIGN (0x4)
                0x20041000                        __scratch_y_end__ = .
                0x100072d0                        __scratch_y_source__ = LOADADDR (.scratch_y)

.stack1_dummy   0x20040000      0x800
 *(.stack1*)
 .stack1        0x20040000      0x800 CMakeFiles/MPU6050_IMU.dir/Users/luluhtutt/.pico-sdk/sdk/2.1.1/src/rp2_common/pico_multicore/multicore.c.o

.stack_dummy    0x20041000      0x800
 *(.stack*)
 .stack         0x20041000      0x800 CMakeFiles/MPU6050_IMU.dir/Users/luluhtutt/.pico-sdk/sdk/2.1.1/src/rp2_common/pico_crt0/crt0.S.o

.flash_end      0x100072d0        0x0
 *(.embedded_end_block*)
                0x100072d0                        PROVIDE (__flash_binary_end = .)
                0x20040000                        __StackLimit = (ORIGIN (RAM) + LENGTH (RAM))
                0x20041000                        __StackOneTop = (ORIGIN (SCRATCH_X) + LENGTH (SCRATCH_X))
                0x20042000                        __StackTop = (ORIGIN (SCRATCH_Y) + LENGTH (SCRATCH_Y))
                0x20040800                        __StackOneBottom = (__StackOneTop - SIZEOF (.stack1_dummy))
                0x20041800                        __StackBottom = (__StackTop - SIZEOF (.stack_dummy))
                0x20042000                        PROVIDE (__stack = __StackTop)
                [!provide]                        PROVIDE (__heap_start = __end__)
                [!provide]                        PROVIDE (__heap_end = __HeapLimit)
                [!provide]                        PROVIDE (__tls_align = MAX (ALIGNOF (.tdata), ALIGNOF (.tbss)))
                [!provide]                        PROVIDE (__tls_size_align = (((__tls_size + __tls_align) - 0x1) & ~ ((__tls_align - 0x1))))
                [!provide]                        PROVIDE (__arm32_tls_tcb_offset = MAX (0x8, __tls_align))
                [!provide]                        PROVIDE (_end = __end__)
                [!provide]                        PROVIDE (__llvm_libc_heap_limit = __HeapLimit)
                0x00000001                        ASSERT ((__StackLimit >= __HeapLimit), region RAM overflowed)
                0x00000001                        ASSERT (((__binary_info_header_end - __logical_binary_start) <= 0x100), Binary info must be in first 256 bytes of the binary)
LOAD CMakeFiles/MPU6050_IMU.dir/imu_demo.c.o
LOAD CMakeFiles/MPU6050_IMU.dir/vga16_graphics.c.o
LOAD CMakeFiles/MPU6050_IMU.dir/mpu6050.c.o
LOAD CMakeFiles/MPU6050_IMU.dir/Users/luluhtutt/.pico-sdk/sdk/2.1.1/src/rp2_common/pico_stdlib/stdlib.c.o
LOAD CMakeFiles/MPU6050_IMU.dir/Users/luluhtutt/.pico-sdk/sdk/2.1.1/src/rp2_common/hardware_gpio/gpio.c.o
LOAD CMakeFiles/MPU6050_IMU.dir/Users/luluhtutt/.pico-sdk/sdk/2.1.1/src/rp2040/pico_platform/platform.c.o
LOAD CMakeFiles/MPU6050_IMU.dir/Users/luluhtutt/.pico-sdk/sdk/2.1.1/src/rp2_common/pico_platform_panic/panic.c.o
LOAD CMakeFiles/MPU6050_IMU.dir/Users/luluhtutt/.pico-sdk/sdk/2.1.1/src/common/hardware_claim/claim.c.o
LOAD CMakeFiles/MPU6050_IMU.dir/Users/luluhtutt/.pico-sdk/sdk/2.1.1/src/rp2_common/hardware_sync/sync.c.o
LOAD CMakeFiles/MPU6050_IMU.dir/Users/luluhtutt/.pico-sdk/sdk/2.1.1/src/rp2_common/hardware_sync_spin_lock/sync_spin_lock.c.o
LOAD CMakeFiles/MPU6050_IMU.dir/Users/luluhtutt/.pico-sdk/sdk/2.1.1/src/rp2_common/hardware_irq/irq.c.o
LOAD CMakeFiles/MPU6050_IMU.dir/Users/luluhtutt/.pico-sdk/sdk/2.1.1/src/rp2_common/hardware_irq/irq_handler_chain.S.o
LOAD CMakeFiles/MPU6050_IMU.dir/Users/luluhtutt/.pico-sdk/sdk/2.1.1/src/common/pico_sync/sem.c.o
LOAD CMakeFiles/MPU6050_IMU.dir/Users/luluhtutt/.pico-sdk/sdk/2.1.1/src/common/pico_sync/lock_core.c.o
LOAD CMakeFiles/MPU6050_IMU.dir/Users/luluhtutt/.pico-sdk/sdk/2.1.1/src/common/pico_sync/mutex.c.o
LOAD CMakeFiles/MPU6050_IMU.dir/Users/luluhtutt/.pico-sdk/sdk/2.1.1/src/common/pico_sync/critical_section.c.o
LOAD CMakeFiles/MPU6050_IMU.dir/Users/luluhtutt/.pico-sdk/sdk/2.1.1/src/common/pico_time/time.c.o
LOAD CMakeFiles/MPU6050_IMU.dir/Users/luluhtutt/.pico-sdk/sdk/2.1.1/src/common/pico_time/timeout_helper.c.o
LOAD CMakeFiles/MPU6050_IMU.dir/Users/luluhtutt/.pico-sdk/sdk/2.1.1/src/rp2_common/hardware_timer/timer.c.o
LOAD CMakeFiles/MPU6050_IMU.dir/Users/luluhtutt/.pico-sdk/sdk/2.1.1/src/common/pico_util/datetime.c.o
LOAD CMakeFiles/MPU6050_IMU.dir/Users/luluhtutt/.pico-sdk/sdk/2.1.1/src/common/pico_util/pheap.c.o
LOAD CMakeFiles/MPU6050_IMU.dir/Users/luluhtutt/.pico-sdk/sdk/2.1.1/src/common/pico_util/queue.c.o
LOAD CMakeFiles/MPU6050_IMU.dir/Users/luluhtutt/.pico-sdk/sdk/2.1.1/src/rp2_common/hardware_uart/uart.c.o
LOAD CMakeFiles/MPU6050_IMU.dir/Users/luluhtutt/.pico-sdk/sdk/2.1.1/src/rp2_common/hardware_clocks/clocks.c.o
LOAD CMakeFiles/MPU6050_IMU.dir/Users/luluhtutt/.pico-sdk/sdk/2.1.1/src/rp2_common/hardware_pll/pll.c.o
LOAD CMakeFiles/MPU6050_IMU.dir/Users/luluhtutt/.pico-sdk/sdk/2.1.1/src/rp2_common/hardware_vreg/vreg.c.o
LOAD CMakeFiles/MPU6050_IMU.dir/Users/luluhtutt/.pico-sdk/sdk/2.1.1/src/rp2_common/hardware_watchdog/watchdog.c.o
LOAD CMakeFiles/MPU6050_IMU.dir/Users/luluhtutt/.pico-sdk/sdk/2.1.1/src/rp2_common/hardware_ticks/ticks.c.o
LOAD CMakeFiles/MPU6050_IMU.dir/Users/luluhtutt/.pico-sdk/sdk/2.1.1/src/rp2_common/pico_bootrom/bootrom.c.o
LOAD CMakeFiles/MPU6050_IMU.dir/Users/luluhtutt/.pico-sdk/sdk/2.1.1/src/rp2_common/pico_bootrom/bootrom_lock.c.o
LOAD CMakeFiles/MPU6050_IMU.dir/Users/luluhtutt/.pico-sdk/sdk/2.1.1/src/rp2_common/hardware_boot_lock/boot_lock.c.o
LOAD CMakeFiles/MPU6050_IMU.dir/Users/luluhtutt/.pico-sdk/sdk/2.1.1/src/rp2_common/pico_flash/flash.c.o
LOAD CMakeFiles/MPU6050_IMU.dir/Users/luluhtutt/.pico-sdk/sdk/2.1.1/src/rp2_common/hardware_xosc/xosc.c.o
LOAD CMakeFiles/MPU6050_IMU.dir/Users/luluhtutt/.pico-sdk/sdk/2.1.1/src/rp2_common/hardware_divider/divider.S.o
LOAD CMakeFiles/MPU6050_IMU.dir/Users/luluhtutt/.pico-sdk/sdk/2.1.1/src/rp2_common/pico_runtime/runtime.c.o
LOAD CMakeFiles/MPU6050_IMU.dir/Users/luluhtutt/.pico-sdk/sdk/2.1.1/src/rp2_common/pico_runtime_init/runtime_init.c.o
LOAD CMakeFiles/MPU6050_IMU.dir/Users/luluhtutt/.pico-sdk/sdk/2.1.1/src/rp2_common/pico_runtime_init/runtime_init_clocks.c.o
LOAD CMakeFiles/MPU6050_IMU.dir/Users/luluhtutt/.pico-sdk/sdk/2.1.1/src/rp2_common/pico_runtime_init/runtime_init_stack_guard.c.o
LOAD CMakeFiles/MPU6050_IMU.dir/Users/luluhtutt/.pico-sdk/sdk/2.1.1/src/rp2_common/pico_bit_ops/bit_ops_aeabi.S.o
LOAD CMakeFiles/MPU6050_IMU.dir/Users/luluhtutt/.pico-sdk/sdk/2.1.1/src/rp2_common/pico_divider/divider_hardware.S.o
LOAD CMakeFiles/MPU6050_IMU.dir/Users/luluhtutt/.pico-sdk/sdk/2.1.1/src/rp2_common/pico_double/double_aeabi_rp2040.S.o
LOAD CMakeFiles/MPU6050_IMU.dir/Users/luluhtutt/.pico-sdk/sdk/2.1.1/src/rp2_common/pico_double/double_init_rom_rp2040.c.o
LOAD CMakeFiles/MPU6050_IMU.dir/Users/luluhtutt/.pico-sdk/sdk/2.1.1/src/rp2_common/pico_double/double_math.c.o
LOAD CMakeFiles/MPU6050_IMU.dir/Users/luluhtutt/.pico-sdk/sdk/2.1.1/src/rp2_common/pico_double/double_v1_rom_shim_rp2040.S.o
LOAD CMakeFiles/MPU6050_IMU.dir/Users/luluhtutt/.pico-sdk/sdk/2.1.1/src/rp2_common/pico_int64_ops/pico_int64_ops_aeabi.S.o
LOAD CMakeFiles/MPU6050_IMU.dir/Users/luluhtutt/.pico-sdk/sdk/2.1.1/src/rp2_common/pico_float/float_aeabi_rp2040.S.o
LOAD CMakeFiles/MPU6050_IMU.dir/Users/luluhtutt/.pico-sdk/sdk/2.1.1/src/rp2_common/pico_float/float_init_rom_rp2040.c.o
LOAD CMakeFiles/MPU6050_IMU.dir/Users/luluhtutt/.pico-sdk/sdk/2.1.1/src/rp2_common/pico_float/float_math.c.o
LOAD CMakeFiles/MPU6050_IMU.dir/Users/luluhtutt/.pico-sdk/sdk/2.1.1/src/rp2_common/pico_float/float_v1_rom_shim_rp2040.S.o
LOAD CMakeFiles/MPU6050_IMU.dir/Users/luluhtutt/.pico-sdk/sdk/2.1.1/src/rp2_common/pico_malloc/malloc.c.o
LOAD CMakeFiles/MPU6050_IMU.dir/Users/luluhtutt/.pico-sdk/sdk/2.1.1/src/rp2_common/pico_mem_ops/mem_ops_aeabi.S.o
LOAD CMakeFiles/MPU6050_IMU.dir/Users/luluhtutt/.pico-sdk/sdk/2.1.1/src/rp2_common/pico_atomic/atomic.c.o
LOAD CMakeFiles/MPU6050_IMU.dir/Users/luluhtutt/.pico-sdk/sdk/2.1.1/src/rp2_common/pico_cxx_options/new_delete.cpp.o
LOAD CMakeFiles/MPU6050_IMU.dir/Users/luluhtutt/.pico-sdk/sdk/2.1.1/src/rp2_common/pico_standard_binary_info/standard_binary_info.c.o
LOAD CMakeFiles/MPU6050_IMU.dir/Users/luluhtutt/.pico-sdk/sdk/2.1.1/src/rp2_common/pico_printf/printf.c.o
LOAD CMakeFiles/MPU6050_IMU.dir/Users/luluhtutt/.pico-sdk/sdk/2.1.1/src/rp2_common/pico_crt0/crt0.S.o
LOAD CMakeFiles/MPU6050_IMU.dir/Users/luluhtutt/.pico-sdk/sdk/2.1.1/src/rp2_common/pico_clib_interface/newlib_interface.c.o
LOAD CMakeFiles/MPU6050_IMU.dir/Users/luluhtutt/.pico-sdk/sdk/2.1.1/src/rp2_common/pico_stdio/stdio.c.o
LOAD CMakeFiles/MPU6050_IMU.dir/Users/luluhtutt/.pico-sdk/sdk/2.1.1/src/rp2_common/pico_stdio_uart/stdio_uart.c.o
LOAD CMakeFiles/MPU6050_IMU.dir/Users/luluhtutt/.pico-sdk/sdk/2.1.1/src/rp2_common/pico_bootsel_via_double_reset/pico_bootsel_via_double_reset.c.o
LOAD CMakeFiles/MPU6050_IMU.dir/Users/luluhtutt/.pico-sdk/sdk/2.1.1/src/rp2_common/pico_multicore/multicore.c.o
LOAD CMakeFiles/MPU6050_IMU.dir/Users/luluhtutt/.pico-sdk/sdk/2.1.1/src/rp2_common/hardware_dma/dma.c.o
LOAD CMakeFiles/MPU6050_IMU.dir/Users/luluhtutt/.pico-sdk/sdk/2.1.1/src/rp2_common/hardware_spi/spi.c.o
LOAD CMakeFiles/MPU6050_IMU.dir/Users/luluhtutt/.pico-sdk/sdk/2.1.1/src/rp2_common/hardware_adc/adc.c.o
LOAD CMakeFiles/MPU6050_IMU.dir/Users/luluhtutt/.pico-sdk/sdk/2.1.1/src/rp2_common/hardware_pio/pio.c.o
LOAD CMakeFiles/MPU6050_IMU.dir/Users/luluhtutt/.pico-sdk/sdk/2.1.1/src/rp2_common/hardware_i2c/i2c.c.o
LOAD pico-sdk/src/rp2040/boot_stage2/CMakeFiles/bs2_default_library.dir/./bs2_default_padded_checksummed.S.o
LOAD /Users/luluhtutt/.pico-sdk/toolchain/14_2_Rel1/bin/../lib/gcc/arm-none-eabi/14.2.1/../../../../arm-none-eabi/lib/thumb/v6-m/nofp/libstdc++.a
LOAD /Users/luluhtutt/.pico-sdk/toolchain/14_2_Rel1/bin/../lib/gcc/arm-none-eabi/14.2.1/../../../../arm-none-eabi/lib/thumb/v6-m/nofp/libm.a
START GROUP
LOAD /Users/luluhtutt/.pico-sdk/toolchain/14_2_Rel1/bin/../lib/gcc/arm-none-eabi/14.2.1/thumb/v6-m/nofp/libgcc.a
LOAD /Users/luluhtutt/.pico-sdk/toolchain/14_2_Rel1/bin/../lib/gcc/arm-none-eabi/14.2.1/../../../../arm-none-eabi/lib/thumb/v6-m/nofp/libg.a
LOAD /Users/luluhtutt/.pico-sdk/toolchain/14_2_Rel1/bin/../lib/gcc/arm-none-eabi/14.2.1/../../../../arm-none-eabi/lib/thumb/v6-m/nofp/libc.a
END GROUP
START GROUP
LOAD /Users/luluhtutt/.pico-sdk/toolchain/14_2_Rel1/bin/../lib/gcc/arm-none-eabi/14.2.1/thumb/v6-m/nofp/libgcc.a
LOAD /Users/luluhtutt/.pico-sdk/toolchain/14_2_Rel1/bin/../lib/gcc/arm-none-eabi/14.2.1/../../../../arm-none-eabi/lib/thumb/v6-m/nofp/libc.a
LOAD /Users/luluhtutt/.pico-sdk/toolchain/14_2_Rel1/bin/../lib/gcc/arm-none-eabi/14.2.1/../../../../arm-none-eabi/lib/thumb/v6-m/nofp/libnosys.a
END GROUP
LOAD /Users/luluhtutt/.pico-sdk/toolchain/14_2_Rel1/bin/../lib/gcc/arm-none-eabi/14.2.1/thumb/v6-m/nofp/crtend.o
LOAD /Users/luluhtutt/.pico-sdk/toolchain/14_2_Rel1/bin/../lib/gcc/arm-none-eabi/14.2.1/thumb/v6-m/nofp/crtn.o
OUTPUT(MPU6050_IMU.elf elf32-littlearm)
LOAD linker stubs

.ARM.attributes
                0x00000000       0x28
 .ARM.attributes
                0x00000000       0x1e /Users/luluhtutt/.pico-sdk/toolchain/14_2_Rel1/bin/../lib/gcc/arm-none-eabi/14.2.1/thumb/v6-m/nofp/crti.o
 .ARM.attributes
                0x0000001e       0x2c /Users/luluhtutt/.pico-sdk/toolchain/14_2_Rel1/bin/../lib/gcc/arm-none-eabi/14.2.1/thumb/v6-m/nofp/crtbegin.o
 .ARM.attributes
                0x0000004a       0x2c CMakeFiles/MPU6050_IMU.dir/imu_demo.c.o
 .ARM.attributes
                0x00000076       0x2c CMakeFiles/MPU6050_IMU.dir/vga16_graphics.c.o
 .ARM.attributes
                0x000000a2       0x2c CMakeFiles/MPU6050_IMU.dir/mpu6050.c.o
 .ARM.attributes
                0x000000ce       0x2c CMakeFiles/MPU6050_IMU.dir/Users/luluhtutt/.pico-sdk/sdk/2.1.1/src/rp2_common/hardware_gpio/gpio.c.o
 .ARM.attributes
                0x000000fa       0x2c CMakeFiles/MPU6050_IMU.dir/Users/luluhtutt/.pico-sdk/sdk/2.1.1/src/rp2_common/pico_platform_panic/panic.c.o
 .ARM.attributes
                0x00000126       0x2c CMakeFiles/MPU6050_IMU.dir/Users/luluhtutt/.pico-sdk/sdk/2.1.1/src/common/hardware_claim/claim.c.o
 .ARM.attributes
                0x00000152       0x2c CMakeFiles/MPU6050_IMU.dir/Users/luluhtutt/.pico-sdk/sdk/2.1.1/src/rp2_common/hardware_sync/sync.c.o
 .ARM.attributes
                0x0000017e       0x2c CMakeFiles/MPU6050_IMU.dir/Users/luluhtutt/.pico-sdk/sdk/2.1.1/src/rp2_common/hardware_sync_spin_lock/sync_spin_lock.c.o
 .ARM.attributes
                0x000001aa       0x2c CMakeFiles/MPU6050_IMU.dir/Users/luluhtutt/.pico-sdk/sdk/2.1.1/src/rp2_common/hardware_irq/irq.c.o
 .ARM.attributes
                0x000001d6       0x22 CMakeFiles/MPU6050_IMU.dir/Users/luluhtutt/.pico-sdk/sdk/2.1.1/src/rp2_common/hardware_irq/irq_handler_chain.S.o
 .ARM.attributes
                0x000001f8       0x2c CMakeFiles/MPU6050_IMU.dir/Users/luluhtutt/.pico-sdk/sdk/2.1.1/src/common/pico_sync/lock_core.c.o
 .ARM.attributes
                0x00000224       0x2c CMakeFiles/MPU6050_IMU.dir/Users/luluhtutt/.pico-sdk/sdk/2.1.1/src/common/pico_sync/mutex.c.o
 .ARM.attributes
                0x00000250       0x2c CMakeFiles/MPU6050_IMU.dir/Users/luluhtutt/.pico-sdk/sdk/2.1.1/src/common/pico_time/time.c.o
 .ARM.attributes
                0x0000027c       0x2c CMakeFiles/MPU6050_IMU.dir/Users/luluhtutt/.pico-sdk/sdk/2.1.1/src/rp2_common/hardware_timer/timer.c.o
 .ARM.attributes
                0x000002a8       0x2c CMakeFiles/MPU6050_IMU.dir/Users/luluhtutt/.pico-sdk/sdk/2.1.1/src/rp2_common/hardware_uart/uart.c.o
 .ARM.attributes
                0x000002d4       0x2c CMakeFiles/MPU6050_IMU.dir/Users/luluhtutt/.pico-sdk/sdk/2.1.1/src/rp2_common/hardware_clocks/clocks.c.o
 .ARM.attributes
                0x00000300       0x2c CMakeFiles/MPU6050_IMU.dir/Users/luluhtutt/.pico-sdk/sdk/2.1.1/src/rp2_common/hardware_pll/pll.c.o
 .ARM.attributes
                0x0000032c       0x2c CMakeFiles/MPU6050_IMU.dir/Users/luluhtutt/.pico-sdk/sdk/2.1.1/src/rp2_common/hardware_ticks/ticks.c.o
 .ARM.attributes
                0x00000358       0x2c CMakeFiles/MPU6050_IMU.dir/Users/luluhtutt/.pico-sdk/sdk/2.1.1/src/rp2_common/pico_bootrom/bootrom.c.o
 .ARM.attributes
                0x00000384       0x2c CMakeFiles/MPU6050_IMU.dir/Users/luluhtutt/.pico-sdk/sdk/2.1.1/src/rp2_common/hardware_xosc/xosc.c.o
 .ARM.attributes
                0x000003b0       0x2c CMakeFiles/MPU6050_IMU.dir/Users/luluhtutt/.pico-sdk/sdk/2.1.1/src/rp2_common/pico_runtime/runtime.c.o
 .ARM.attributes
                0x000003dc       0x2c CMakeFiles/MPU6050_IMU.dir/Users/luluhtutt/.pico-sdk/sdk/2.1.1/src/rp2_common/pico_runtime_init/runtime_init.c.o
 .ARM.attributes
                0x00000408       0x2c CMakeFiles/MPU6050_IMU.dir/Users/luluhtutt/.pico-sdk/sdk/2.1.1/src/rp2_common/pico_runtime_init/runtime_init_clocks.c.o
 .ARM.attributes
                0x00000434       0x22 CMakeFiles/MPU6050_IMU.dir/Users/luluhtutt/.pico-sdk/sdk/2.1.1/src/rp2_common/pico_bit_ops/bit_ops_aeabi.S.o
 .ARM.attributes
                0x00000456       0x22 CMakeFiles/MPU6050_IMU.dir/Users/luluhtutt/.pico-sdk/sdk/2.1.1/src/rp2_common/pico_divider/divider_hardware.S.o
 .ARM.attributes
                0x00000478       0x22 CMakeFiles/MPU6050_IMU.dir/Users/luluhtutt/.pico-sdk/sdk/2.1.1/src/rp2_common/pico_double/double_aeabi_rp2040.S.o
 .ARM.attributes
                0x0000049a       0x2c CMakeFiles/MPU6050_IMU.dir/Users/luluhtutt/.pico-sdk/sdk/2.1.1/src/rp2_common/pico_double/double_init_rom_rp2040.c.o
 .ARM.attributes
                0x000004c6       0x22 CMakeFiles/MPU6050_IMU.dir/Users/luluhtutt/.pico-sdk/sdk/2.1.1/src/rp2_common/pico_double/double_v1_rom_shim_rp2040.S.o
 .ARM.attributes
                0x000004e8       0x22 CMakeFiles/MPU6050_IMU.dir/Users/luluhtutt/.pico-sdk/sdk/2.1.1/src/rp2_common/pico_int64_ops/pico_int64_ops_aeabi.S.o
 .ARM.attributes
                0x0000050a       0x22 CMakeFiles/MPU6050_IMU.dir/Users/luluhtutt/.pico-sdk/sdk/2.1.1/src/rp2_common/pico_float/float_aeabi_rp2040.S.o
 .ARM.attributes
                0x0000052c       0x2c CMakeFiles/MPU6050_IMU.dir/Users/luluhtutt/.pico-sdk/sdk/2.1.1/src/rp2_common/pico_float/float_init_rom_rp2040.c.o
 .ARM.attributes
                0x00000558       0x22 CMakeFiles/MPU6050_IMU.dir/Users/luluhtutt/.pico-sdk/sdk/2.1.1/src/rp2_common/pico_float/float_v1_rom_shim_rp2040.S.o
 .ARM.attributes
                0x0000057a       0x2c CMakeFiles/MPU6050_IMU.dir/Users/luluhtutt/.pico-sdk/sdk/2.1.1/src/rp2_common/pico_malloc/malloc.c.o
 .ARM.attributes
                0x000005a6       0x22 CMakeFiles/MPU6050_IMU.dir/Users/luluhtutt/.pico-sdk/sdk/2.1.1/src/rp2_common/pico_mem_ops/mem_ops_aeabi.S.o
 .ARM.attributes
                0x000005c8       0x2c CMakeFiles/MPU6050_IMU.dir/Users/luluhtutt/.pico-sdk/sdk/2.1.1/src/rp2_common/pico_standard_binary_info/standard_binary_info.c.o
 .ARM.attributes
                0x000005f4       0x2c CMakeFiles/MPU6050_IMU.dir/Users/luluhtutt/.pico-sdk/sdk/2.1.1/src/rp2_common/pico_printf/printf.c.o
 .ARM.attributes
                0x00000620       0x22 CMakeFiles/MPU6050_IMU.dir/Users/luluhtutt/.pico-sdk/sdk/2.1.1/src/rp2_common/pico_crt0/crt0.S.o
 .ARM.attributes
                0x00000642       0x2c CMakeFiles/MPU6050_IMU.dir/Users/luluhtutt/.pico-sdk/sdk/2.1.1/src/rp2_common/pico_clib_interface/newlib_interface.c.o
 .ARM.attributes
                0x0000066e       0x2c CMakeFiles/MPU6050_IMU.dir/Users/luluhtutt/.pico-sdk/sdk/2.1.1/src/rp2_common/pico_stdio/stdio.c.o
 .ARM.attributes
                0x0000069a       0x2c CMakeFiles/MPU6050_IMU.dir/Users/luluhtutt/.pico-sdk/sdk/2.1.1/src/rp2_common/pico_stdio_uart/stdio_uart.c.o
 .ARM.attributes
                0x000006c6       0x2c CMakeFiles/MPU6050_IMU.dir/Users/luluhtutt/.pico-sdk/sdk/2.1.1/src/rp2_common/pico_bootsel_via_double_reset/pico_bootsel_via_double_reset.c.o
 .ARM.attributes
                0x000006f2       0x2c CMakeFiles/MPU6050_IMU.dir/Users/luluhtutt/.pico-sdk/sdk/2.1.1/src/rp2_common/pico_multicore/multicore.c.o
 .ARM.attributes
                0x0000071e       0x2c CMakeFiles/MPU6050_IMU.dir/Users/luluhtutt/.pico-sdk/sdk/2.1.1/src/rp2_common/hardware_dma/dma.c.o
 .ARM.attributes
                0x0000074a       0x2c CMakeFiles/MPU6050_IMU.dir/Users/luluhtutt/.pico-sdk/sdk/2.1.1/src/rp2_common/hardware_spi/spi.c.o
 .ARM.attributes
                0x00000776       0x2c CMakeFiles/MPU6050_IMU.dir/Users/luluhtutt/.pico-sdk/sdk/2.1.1/src/rp2_common/hardware_pio/pio.c.o
 .ARM.attributes
                0x000007a2       0x2c CMakeFiles/MPU6050_IMU.dir/Users/luluhtutt/.pico-sdk/sdk/2.1.1/src/rp2_common/hardware_i2c/i2c.c.o
 .ARM.attributes
                0x000007ce       0x22 pico-sdk/src/rp2040/boot_stage2/CMakeFiles/bs2_default_library.dir/./bs2_default_padded_checksummed.S.o
 .ARM.attributes
                0x000007f0       0x1e /Users/luluhtutt/.pico-sdk/toolchain/14_2_Rel1/bin/../lib/gcc/arm-none-eabi/14.2.1/thumb/v6-m/nofp/libgcc.a(_dvmd_tls.o)
 .ARM.attributes
                0x0000080e       0x2c /Users/luluhtutt/.pico-sdk/toolchain/14_2_Rel1/bin/../lib/gcc/arm-none-eabi/14.2.1/../../../../arm-none-eabi/lib/thumb/v6-m/nofp/libg.a(libc_a-strlen-stub.o)
 .ARM.attributes
                0x0000083a       0x2c /Users/luluhtutt/.pico-sdk/toolchain/14_2_Rel1/bin/../lib/gcc/arm-none-eabi/14.2.1/thumb/v6-m/nofp/crtend.o

.comment        0x00000000       0x45
 .comment       0x00000000       0x45 CMakeFiles/MPU6050_IMU.dir/imu_demo.c.o
                                 0x46 (size before relaxing)
 .comment       0x00000045       0x46 CMakeFiles/MPU6050_IMU.dir/vga16_graphics.c.o
 .comment       0x00000045       0x46 CMakeFiles/MPU6050_IMU.dir/mpu6050.c.o
 .comment       0x00000045       0x46 CMakeFiles/MPU6050_IMU.dir/Users/luluhtutt/.pico-sdk/sdk/2.1.1/src/rp2_common/hardware_gpio/gpio.c.o
 .comment       0x00000045       0x46 CMakeFiles/MPU6050_IMU.dir/Users/luluhtutt/.pico-sdk/sdk/2.1.1/src/rp2_common/pico_platform_panic/panic.c.o
 .comment       0x00000045       0x46 CMakeFiles/MPU6050_IMU.dir/Users/luluhtutt/.pico-sdk/sdk/2.1.1/src/common/hardware_claim/claim.c.o
 .comment       0x00000045       0x46 CMakeFiles/MPU6050_IMU.dir/Users/luluhtutt/.pico-sdk/sdk/2.1.1/src/rp2_common/hardware_sync/sync.c.o
 .comment       0x00000045       0x46 CMakeFiles/MPU6050_IMU.dir/Users/luluhtutt/.pico-sdk/sdk/2.1.1/src/rp2_common/hardware_sync_spin_lock/sync_spin_lock.c.o
 .comment       0x00000045       0x46 CMakeFiles/MPU6050_IMU.dir/Users/luluhtutt/.pico-sdk/sdk/2.1.1/src/rp2_common/hardware_irq/irq.c.o
 .comment       0x00000045       0x46 CMakeFiles/MPU6050_IMU.dir/Users/luluhtutt/.pico-sdk/sdk/2.1.1/src/common/pico_sync/lock_core.c.o
 .comment       0x00000045       0x46 CMakeFiles/MPU6050_IMU.dir/Users/luluhtutt/.pico-sdk/sdk/2.1.1/src/common/pico_sync/mutex.c.o
 .comment       0x00000045       0x46 CMakeFiles/MPU6050_IMU.dir/Users/luluhtutt/.pico-sdk/sdk/2.1.1/src/common/pico_time/time.c.o
 .comment       0x00000045       0x46 CMakeFiles/MPU6050_IMU.dir/Users/luluhtutt/.pico-sdk/sdk/2.1.1/src/rp2_common/hardware_timer/timer.c.o
 .comment       0x00000045       0x46 CMakeFiles/MPU6050_IMU.dir/Users/luluhtutt/.pico-sdk/sdk/2.1.1/src/rp2_common/hardware_uart/uart.c.o
 .comment       0x00000045       0x46 CMakeFiles/MPU6050_IMU.dir/Users/luluhtutt/.pico-sdk/sdk/2.1.1/src/rp2_common/hardware_clocks/clocks.c.o
 .comment       0x00000045       0x46 CMakeFiles/MPU6050_IMU.dir/Users/luluhtutt/.pico-sdk/sdk/2.1.1/src/rp2_common/hardware_pll/pll.c.o
 .comment       0x00000045       0x46 CMakeFiles/MPU6050_IMU.dir/Users/luluhtutt/.pico-sdk/sdk/2.1.1/src/rp2_common/hardware_ticks/ticks.c.o
 .comment       0x00000045       0x46 CMakeFiles/MPU6050_IMU.dir/Users/luluhtutt/.pico-sdk/sdk/2.1.1/src/rp2_common/pico_bootrom/bootrom.c.o
 .comment       0x00000045       0x46 CMakeFiles/MPU6050_IMU.dir/Users/luluhtutt/.pico-sdk/sdk/2.1.1/src/rp2_common/hardware_xosc/xosc.c.o
 .comment       0x00000045       0x46 CMakeFiles/MPU6050_IMU.dir/Users/luluhtutt/.pico-sdk/sdk/2.1.1/src/rp2_common/pico_runtime/runtime.c.o
 .comment       0x00000045       0x46 CMakeFiles/MPU6050_IMU.dir/Users/luluhtutt/.pico-sdk/sdk/2.1.1/src/rp2_common/pico_runtime_init/runtime_init.c.o
 .comment       0x00000045       0x46 CMakeFiles/MPU6050_IMU.dir/Users/luluhtutt/.pico-sdk/sdk/2.1.1/src/rp2_common/pico_runtime_init/runtime_init_clocks.c.o
 .comment       0x00000045       0x46 CMakeFiles/MPU6050_IMU.dir/Users/luluhtutt/.pico-sdk/sdk/2.1.1/src/rp2_common/pico_double/double_init_rom_rp2040.c.o
 .comment       0x00000045       0x46 CMakeFiles/MPU6050_IMU.dir/Users/luluhtutt/.pico-sdk/sdk/2.1.1/src/rp2_common/pico_float/float_init_rom_rp2040.c.o
 .comment       0x00000045       0x46 CMakeFiles/MPU6050_IMU.dir/Users/luluhtutt/.pico-sdk/sdk/2.1.1/src/rp2_common/pico_malloc/malloc.c.o
 .comment       0x00000045       0x46 CMakeFiles/MPU6050_IMU.dir/Users/luluhtutt/.pico-sdk/sdk/2.1.1/src/rp2_common/pico_standard_binary_info/standard_binary_info.c.o
 .comment       0x00000045       0x46 CMakeFiles/MPU6050_IMU.dir/Users/luluhtutt/.pico-sdk/sdk/2.1.1/src/rp2_common/pico_printf/printf.c.o
 .comment       0x00000045       0x46 CMakeFiles/MPU6050_IMU.dir/Users/luluhtutt/.pico-sdk/sdk/2.1.1/src/rp2_common/pico_clib_interface/newlib_interface.c.o
 .comment       0x00000045       0x46 CMakeFiles/MPU6050_IMU.dir/Users/luluhtutt/.pico-sdk/sdk/2.1.1/src/rp2_common/pico_stdio/stdio.c.o
 .comment       0x00000045       0x46 CMakeFiles/MPU6050_IMU.dir/Users/luluhtutt/.pico-sdk/sdk/2.1.1/src/rp2_common/pico_stdio_uart/stdio_uart.c.o
 .comment       0x00000045       0x46 CMakeFiles/MPU6050_IMU.dir/Users/luluhtutt/.pico-sdk/sdk/2.1.1/src/rp2_common/pico_bootsel_via_double_reset/pico_bootsel_via_double_reset.c.o
 .comment       0x00000045       0x46 CMakeFiles/MPU6050_IMU.dir/Users/luluhtutt/.pico-sdk/sdk/2.1.1/src/rp2_common/pico_multicore/multicore.c.o
 .comment       0x00000045       0x46 CMakeFiles/MPU6050_IMU.dir/Users/luluhtutt/.pico-sdk/sdk/2.1.1/src/rp2_common/hardware_dma/dma.c.o
 .comment       0x00000045       0x46 CMakeFiles/MPU6050_IMU.dir/Users/luluhtutt/.pico-sdk/sdk/2.1.1/src/rp2_common/hardware_spi/spi.c.o
 .comment       0x00000045       0x46 CMakeFiles/MPU6050_IMU.dir/Users/luluhtutt/.pico-sdk/sdk/2.1.1/src/rp2_common/hardware_pio/pio.c.o
 .comment       0x00000045       0x46 CMakeFiles/MPU6050_IMU.dir/Users/luluhtutt/.pico-sdk/sdk/2.1.1/src/rp2_common/hardware_i2c/i2c.c.o

.debug_info     0x00000000    0x2e050
 .debug_info    0x00000000     0x28e2 CMakeFiles/MPU6050_IMU.dir/imu_demo.c.o
 .debug_info    0x000028e2     0x53a6 CMakeFiles/MPU6050_IMU.dir/vga16_graphics.c.o
 .debug_info    0x00007c88      0x711 CMakeFiles/MPU6050_IMU.dir/mpu6050.c.o
 .debug_info    0x00008399     0x242d CMakeFiles/MPU6050_IMU.dir/Users/luluhtutt/.pico-sdk/sdk/2.1.1/src/rp2_common/hardware_gpio/gpio.c.o
 .debug_info    0x0000a7c6      0x1bf CMakeFiles/MPU6050_IMU.dir/Users/luluhtutt/.pico-sdk/sdk/2.1.1/src/rp2_common/pico_platform_panic/panic.c.o
 .debug_info    0x0000a985      0x9a1 CMakeFiles/MPU6050_IMU.dir/Users/luluhtutt/.pico-sdk/sdk/2.1.1/src/common/hardware_claim/claim.c.o
 .debug_info    0x0000b326      0x45c CMakeFiles/MPU6050_IMU.dir/Users/luluhtutt/.pico-sdk/sdk/2.1.1/src/rp2_common/hardware_sync/sync.c.o
 .debug_info    0x0000b782      0x245 CMakeFiles/MPU6050_IMU.dir/Users/luluhtutt/.pico-sdk/sdk/2.1.1/src/rp2_common/hardware_sync_spin_lock/sync_spin_lock.c.o
 .debug_info    0x0000b9c7     0x220f CMakeFiles/MPU6050_IMU.dir/Users/luluhtutt/.pico-sdk/sdk/2.1.1/src/rp2_common/hardware_irq/irq.c.o